Component: ARM Compiler 5.06 update 5 (build 528) Tool: armlink [4d35e2]

==============================================================================

Section Cross References

    startup_stm32f411xe.o(RESET) refers to startup_stm32f411xe.o(STACK) for __initial_sp
    startup_stm32f411xe.o(RESET) refers to startup_stm32f411xe.o(.text) for Reset_Handler
    startup_stm32f411xe.o(RESET) refers to stm32f4xx_it.o(i.NMI_Handler) for NMI_Handler
    startup_stm32f411xe.o(RESET) refers to stm32f4xx_it.o(i.HardFault_Handler) for HardFault_Handler
    startup_stm32f411xe.o(RESET) refers to stm32f4xx_it.o(i.MemManage_Handler) for MemManage_Handler
    startup_stm32f411xe.o(RESET) refers to stm32f4xx_it.o(i.BusFault_Handler) for BusFault_Handler
    startup_stm32f411xe.o(RESET) refers to stm32f4xx_it.o(i.UsageFault_Handler) for UsageFault_Handler
    startup_stm32f411xe.o(RESET) refers to stm32f4xx_it.o(i.SVC_Handler) for SVC_Handler
    startup_stm32f411xe.o(RESET) refers to stm32f4xx_it.o(i.DebugMon_Handler) for DebugMon_Handler
    startup_stm32f411xe.o(RESET) refers to stm32f4xx_it.o(i.PendSV_Handler) for PendSV_Handler
    startup_stm32f411xe.o(RESET) refers to stm32f4xx_it.o(i.SysTick_Handler) for SysTick_Handler
    startup_stm32f411xe.o(RESET) refers to stm32f4xx_it.o(i.USART1_IRQHandler) for USART1_IRQHandler
    startup_stm32f411xe.o(.text) refers to system_stm32f4xx.o(i.SystemInit) for SystemInit
    startup_stm32f411xe.o(.text) refers to entry.o(.ARM.Collect$$$$00000000) for __main
    main.o(i.HAL_UART_RxCpltCallback) refers to stm32f4xx_hal_uart.o(i.HAL_UART_Receive_IT) for HAL_UART_Receive_IT
    main.o(i.HAL_UART_RxCpltCallback) refers to main.o(.data) for .data
    main.o(i.HAL_UART_RxCpltCallback) refers to main.o(.bss) for .bss
    main.o(i.HAL_UART_RxCpltCallback) refers to usart.o(.bss) for huart1
    main.o(i.SystemClock_Config) refers to memseta.o(.text) for __aeabi_memclr4
    main.o(i.SystemClock_Config) refers to stm32f4xx_hal_rcc.o(i.HAL_RCC_OscConfig) for HAL_RCC_OscConfig
    main.o(i.SystemClock_Config) refers to stm32f4xx_hal_rcc.o(i.HAL_RCC_ClockConfig) for HAL_RCC_ClockConfig
    main.o(i.main) refers to stm32f4xx_hal.o(i.HAL_Init) for HAL_Init
    main.o(i.main) refers to main.o(i.SystemClock_Config) for SystemClock_Config
    main.o(i.main) refers to gpio.o(i.MX_GPIO_Init) for MX_GPIO_Init
    main.o(i.main) refers to i2c.o(i.MX_I2C1_Init) for MX_I2C1_Init
    main.o(i.main) refers to usart.o(i.MX_USART1_UART_Init) for MX_USART1_UART_Init
    main.o(i.main) refers to u8x8_setup.o(i.u8x8_Setup) for u8x8_Setup
    main.o(i.main) refers to u8g2_setup.o(i.u8g2_SetupBuffer) for u8g2_SetupBuffer
    main.o(i.main) refers to u8x8_display.o(i.u8x8_InitDisplay) for u8x8_InitDisplay
    main.o(i.main) refers to u8x8_display.o(i.u8x8_SetPowerSave) for u8x8_SetPowerSave
    main.o(i.main) refers to stm32f4xx_hal_uart.o(i.HAL_UART_Receive_IT) for HAL_UART_Receive_IT
    main.o(i.main) refers to u8g2_buffer.o(i.u8g2_ClearBuffer) for u8g2_ClearBuffer
    main.o(i.main) refers to u8g2_bitmap.o(i.u8g2_DrawXBM) for u8g2_DrawXBM
    main.o(i.main) refers to u8g2_buffer.o(i.u8g2_SendBuffer) for u8g2_SendBuffer
    main.o(i.main) refers to u8g2_port.o(i.u8x8_gpio_and_delay_stm32) for u8x8_gpio_and_delay_stm32
    main.o(i.main) refers to u8g2_port.o(i.u8x8_byte_stm32_hw_i2c) for u8x8_byte_stm32_hw_i2c
    main.o(i.main) refers to u8x8_cad.o(i.u8x8_cad_ssd13xx_fast_i2c) for u8x8_cad_ssd13xx_fast_i2c
    main.o(i.main) refers to u8x8_d_ssd1306_128x64_noname.o(i.u8x8_d_ssd1306_128x64_noname) for u8x8_d_ssd1306_128x64_noname
    main.o(i.main) refers to main.o(.bss) for .bss
    main.o(i.main) refers to u8g2_setup.o(.constdata) for u8g2_cb_r0
    main.o(i.main) refers to u8g2_ll_hvline.o(i.u8g2_ll_hvline_vertical_top_lsb) for u8g2_ll_hvline_vertical_top_lsb
    main.o(i.main) refers to main.o(.data) for .data
    main.o(i.main) refers to usart.o(.bss) for huart1
    gpio.o(i.MX_GPIO_Init) refers to memseta.o(.text) for __aeabi_memclr4
    gpio.o(i.MX_GPIO_Init) refers to stm32f4xx_hal_gpio.o(i.HAL_GPIO_WritePin) for HAL_GPIO_WritePin
    gpio.o(i.MX_GPIO_Init) refers to stm32f4xx_hal_gpio.o(i.HAL_GPIO_Init) for HAL_GPIO_Init
    i2c.o(i.HAL_I2C_MspDeInit) refers to stm32f4xx_hal_gpio.o(i.HAL_GPIO_DeInit) for HAL_GPIO_DeInit
    i2c.o(i.HAL_I2C_MspInit) refers to memseta.o(.text) for __aeabi_memclr4
    i2c.o(i.HAL_I2C_MspInit) refers to stm32f4xx_hal_gpio.o(i.HAL_GPIO_Init) for HAL_GPIO_Init
    i2c.o(i.MX_I2C1_Init) refers to stm32f4xx_hal_i2c.o(i.HAL_I2C_Init) for HAL_I2C_Init
    i2c.o(i.MX_I2C1_Init) refers to main.o(i.Error_Handler) for Error_Handler
    i2c.o(i.MX_I2C1_Init) refers to i2c.o(.bss) for .bss
    usart.o(i.HAL_UART_MspDeInit) refers to stm32f4xx_hal_gpio.o(i.HAL_GPIO_DeInit) for HAL_GPIO_DeInit
    usart.o(i.HAL_UART_MspDeInit) refers to stm32f4xx_hal_cortex.o(i.HAL_NVIC_DisableIRQ) for HAL_NVIC_DisableIRQ
    usart.o(i.HAL_UART_MspInit) refers to memseta.o(.text) for __aeabi_memclr4
[...]
    Removing u8g2_fonts.o(.constdata), (783 bytes).
    Removing u8g2_fonts.o(.constdata), (9494 bytes).
    Removing u8g2_fonts.o(.constdata), (5354 bytes).
    Removing u8g2_fonts.o(.constdata), (851 bytes).
    Removing u8g2_fonts.o(.constdata), (10072 bytes).
    Removing u8g2_fonts.o(.constdata), (5661 bytes).
    Removing u8g2_fonts.o(.constdata), (880 bytes).
    Removing u8g2_fonts.o(.constdata), (10902 bytes).
    Removing u8g2_fonts.o(.constdata), (6176 bytes).
    Removing u8g2_fonts.o(.constdata), (974 bytes).
    Removing u8g2_fonts.o(.constdata), (983 bytes).
    Removing u8g2_fonts.o(.constdata), (1332 bytes).
    Removing u8g2_fonts.o(.constdata), (1624 bytes).
    Removing u8g2_fonts.o(.constdata), (11014 bytes).
    Removing u8g2_fonts.o(.constdata), (50091 bytes).
    Removing u8g2_fonts.o(.constdata), (12799 bytes).
    Removing u8g2_fonts.o(.constdata), (59588 bytes).
    Removing u8g2_fonts.o(.constdata), (14967 bytes).
    Removing u8g2_fonts.o(.constdata), (70790 bytes).
    Removing u8g2_fonts.o(.constdata), (16007 bytes).
    Removing u8g2_fonts.o(.constdata), (77027 bytes).
    Removing u8g2_fonts.o(.constdata), (2538 bytes).
    Removing u8g2_fonts.o(.constdata), (1226 bytes).
    Removing u8g2_fonts.o(.constdata), (235 bytes).
    Removing u8g2_fonts.o(.constdata), (831 bytes).
    Removing u8g2_fonts.o(.constdata), (2225 bytes).
    Removing u8g2_fonts.o(.constdata), (1201 bytes).
    Removing u8g2_fonts.o(.constdata), (239 bytes).
    Removing u8g2_fonts.o(.constdata), (814 bytes).
    Removing u8g2_fonts.o(.constdata), (2538 bytes).
    Removing u8g2_fonts.o(.constdata), (1261 bytes).
    Removing u8g2_fonts.o(.constdata), (245 bytes).
    Removing u8g2_fonts.o(.constdata), (853 bytes).
    Removing u8g2_fonts.o(.constdata), (2395 bytes).
    Removing u8g2_fonts.o(.constdata), (1189 bytes).
    Removing u8g2_fonts.o(.constdata), (234 bytes).
    Removing u8g2_fonts.o(.constdata), (808 bytes).
    Removing u8g2_fonts.o(.constdata), (2532 bytes).
    Removing u8g2_fonts.o(.constdata), (1243 bytes).
    Removing u8g2_fonts.o(.constdata), (242 bytes).
    Removing u8g2_fonts.o(.constdata), (847 bytes).
    Removing u8g2_fonts.o(.constdata), (9464 bytes).
    Removing u8g2_fonts.o(.constdata), (10396 bytes).
    Removing u8g2_fonts.o(.constdata), (2656 bytes).
    Removing u8g2_fonts.o(.constdata), (1266 bytes).
    Removing u8g2_fonts.o(.constdata), (232 bytes).
    Removing u8g2_fonts.o(.constdata), (3410 bytes).
    Removing u8g2_fonts.o(.constdata), (1626 bytes).
    Removing u8g2_fonts.o(.constdata), (268 bytes).
    Removing u8g2_fonts.o(.constdata), (11498 bytes).
    Removing u8g2_fonts.o(.constdata), (14305 bytes).
    Removing u8g2_fonts.o(.constdata), (2639 bytes).
    Removing u8g2_fonts.o(.constdata), (1257 bytes).
    Removing u8g2_fonts.o(.constdata), (231 bytes).
    Removing u8g2_fonts.o(.constdata), (3190 bytes).
    Removing u8g2_fonts.o(.constdata), (1521 bytes).
    Removing u8g2_fonts.o(.constdata), (273 bytes).
    Removing u8g2_fonts.o(.constdata), (11372 bytes).
    Removing u8g2_fonts.o(.constdata), (13451 bytes).
    Removing u8g2_fonts.o(.constdata), (2616 bytes).
    Removing u8g2_fonts.o(.constdata), (1573 bytes).
    Removing u8g2_fonts.o(.constdata), (287 bytes).
    Removing u8g2_fonts.o(.constdata), (3076 bytes).
    Removing u8g2_fonts.o(.constdata), (1915 bytes).
    Removing u8g2_fonts.o(.constdata), (327 bytes).
    Removing u8g2_fonts.o(.constdata), (2427 bytes).
    Removing u8g2_fonts.o(.constdata), (1451 bytes).
    Removing u8g2_fonts.o(.constdata), (284 bytes).
    Removing u8g2_fonts.o(.constdata), (3066 bytes).
    Removing u8g2_fonts.o(.constdata), (1877 bytes).
    Removing u8g2_fonts.o(.constdata), (328 bytes).
    Removing u8g2_hvline.o(i.u8g2_DrawHLine), (12 bytes).
    Removing u8g2_hvline.o(i.u8g2_DrawPixel), (46 bytes).
    Removing u8g2_hvline.o(i.u8g2_DrawVLine), (12 bytes).
    Removing u8g2_hvline.o(i.u8g2_SetDrawColor), (16 bytes).
    Removing u8g2_input_value.o(i.u8g2_UserInterfaceInputValue), (312 bytes).
    Removing u8g2_kerning.o(i.u8g2_GetKerning), (84 bytes).
    Removing u8g2_kerning.o(i.u8g2_GetKerningByTable), (52 bytes).
    Removing u8g2_line.o(i.u8g2_DrawLine), (178 bytes).
    Removing u8g2_ll_hvline.o(i.u8g2_ll_hvline_horizontal_right_lsb), (118 bytes).
    Removing u8g2_message.o(i.u8g2_UserInterfaceMessage), (290 bytes).
    Removing u8g2_message.o(i.u8g2_draw_button_line), (156 bytes).
    Removing u8g2_polygon.o(i.pg_dec), (18 bytes).
    Removing u8g2_polygon.o(i.pg_exec), (110 bytes).
    Removing u8g2_polygon.o(i.pg_expand_min_y), (46 bytes).
    Removing u8g2_polygon.o(i.pg_hline), (110 bytes).
    Removing u8g2_polygon.o(i.pg_inc), (16 bytes).
    Removing u8g2_polygon.o(i.pg_line_init), (122 bytes).
    Removing u8g2_polygon.o(i.pg_prepare), (160 bytes).
    Removing u8g2_polygon.o(i.pge_Next), (62 bytes).
    Removing u8g2_polygon.o(i.u8g2_AddPolygonXY), (32 bytes).
    Removing u8g2_polygon.o(i.u8g2_ClearPolygonXY), (12 bytes).
    Removing u8g2_polygon.o(i.u8g2_DrawPolygon), (36 bytes).
    Removing u8g2_polygon.o(i.u8g2_DrawTriangle), (60 bytes).
    Removing u8g2_polygon.o(.bss), (76 bytes).
    Removing u8g2_selection_list.o(i.u8g2_DrawSelectionList), (116 bytes).
    Removing u8g2_selection_list.o(i.u8g2_DrawUTF8Line), (216 bytes).
    Removing u8g2_selection_list.o(i.u8g2_DrawUTF8Lines), (88 bytes).
    Removing u8g2_selection_list.o(i.u8g2_UserInterfaceSelectionList), (270 bytes).
    Removing u8g2_setup.o(i.u8g2_SendF), (18 bytes).
    Removing u8g2_setup.o(i.u8g2_SetClipWindow), (28 bytes).
    Removing u8g2_setup.o(i.u8g2_SetDisplayRotation), (22 bytes).
    Removing u8g2_setup.o(i.u8g2_Setup_null), (52 bytes).
    Removing u8g2_setup.o(i.u8g2_draw_l90_mirrorr_r0), (32 bytes).
    Removing u8g2_setup.o(i.u8g2_draw_l90_r1), (42 bytes).
    Removing u8g2_setup.o(i.u8g2_draw_l90_r2), (54 bytes).
    Removing u8g2_setup.o(i.u8g2_draw_l90_r3), (42 bytes).
    Removing u8g2_setup.o(i.u8g2_draw_mirror_vertical_r0), (32 bytes).
    Removing u8g2_setup.o(i.u8g2_update_dimension_r1), (24 bytes).
    Removing u8g2_setup.o(i.u8g2_update_dimension_r2), (4 bytes).
    Removing u8g2_setup.o(i.u8g2_update_dimension_r3), (24 bytes).
    Removing u8g2_setup.o(i.u8g2_update_page_win_r1), (34 bytes).
    Removing u8g2_setup.o(i.u8g2_update_page_win_r2), (50 bytes).
    Removing u8g2_setup.o(i.u8g2_update_page_win_r3), (50 bytes).
    Removing u8g2_setup.o(.constdata), (12 bytes).
    Removing u8g2_setup.o(.constdata), (12 bytes).
    Removing u8g2_setup.o(.constdata), (12 bytes).
    Removing u8g2_setup.o(.constdata), (12 bytes).
    Removing u8g2_setup.o(.constdata), (12 bytes).
    Removing u8g2_setup.o(.data), (8 bytes).
    Removing u8x8_debounce.o(i.u8x8_GetMenuEvent), (192 bytes).
    Removing u8x8_display.o(i.u8x8_ClearDisplay), (16 bytes).
    Removing u8x8_display.o(i.u8x8_ClearDisplayWithTile), (58 bytes).
    Removing u8x8_display.o(i.u8x8_ClearLine), (48 bytes).
    Removing u8x8_display.o(i.u8x8_FillDisplay), (28 bytes).
    Removing u8x8_display.o(i.u8x8_InitInterface), (32 bytes).
    Removing u8x8_display.o(i.u8x8_SetContrast), (16 bytes).
    Removing u8x8_display.o(i.u8x8_SetFlipMode), (16 bytes).
    Removing u8x8_fonts.o(.constdata), (1796 bytes).
    Removing u8x8_fonts.o(.constdata), (764 bytes).
    Removing u8x8_fonts.o(.constdata), (220 bytes).
    Removing u8x8_fonts.o(.constdata), (517 bytes).
    Removing u8x8_fonts.o(.constdata), (1796 bytes).
    Removing u8x8_fonts.o(.constdata), (764 bytes).
    Removing u8x8_fonts.o(.constdata), (220 bytes).
    Removing u8x8_fonts.o(.constdata), (1796 bytes).
    Removing u8x8_fonts.o(.constdata), (764 bytes).
    Removing u8x8_fonts.o(.constdata), (220 bytes).
    Removing u8x8_fonts.o(.constdata), (3588 bytes).
    Removing u8x8_fonts.o(.constdata), (1524 bytes).
    Removing u8x8_fonts.o(.constdata), (436 bytes).
    Removing u8x8_fonts.o(.constdata), (3588 bytes).
    Removing u8x8_fonts.o(.constdata), (1524 bytes).
    Removing u8x8_fonts.o(.constdata), (436 bytes).
    Removing u8x8_fonts.o(.constdata), (3588 bytes).
    Removing u8x8_fonts.o(.constdata), (1524 bytes).
    Removing u8x8_fonts.o(.constdata), (436 bytes).
    Removing u8x8_fonts.o(.constdata), (3588 bytes).
    Removing u8x8_fonts.o(.constdata), (1524 bytes).
    Removing u8x8_fonts.o(.constdata), (436 bytes).
    Removing u8x8_fonts.o(.constdata), (229 bytes).
    Removing u8x8_fonts.o(.constdata), (45 bytes).
    Removing u8x8_fonts.o(.constdata), (140 bytes).
    Removing u8x8_fonts.o(.constdata), (148 bytes).
    Removing u8x8_fonts.o(.constdata), (156 bytes).
    Removing u8x8_fonts.o(.constdata), (52 bytes).
    Removing u8x8_fonts.o(.constdata), (900 bytes).
    Removing u8x8_fonts.o(.constdata), (164 bytes).
    Removing u8x8_fonts.o(.constdata), (548 bytes).
    Removing u8x8_fonts.o(.constdata), (580 bytes).
    Removing u8x8_fonts.o(.constdata), (612 bytes).
    Removing u8x8_fonts.o(.constdata), (197 bytes).
    Removing u8x8_fonts.o(.constdata), (3588 bytes).
    Removing u8x8_fonts.o(.constdata), (644 bytes).
    Removing u8x8_fonts.o(.constdata), (2180 bytes).
    Removing u8x8_fonts.o(.constdata), (2308 bytes).
    Removing u8x8_fonts.o(.constdata), (2436 bytes).
    Removing u8x8_fonts.o(.constdata), (772 bytes).
    Removing u8x8_fonts.o(.constdata), (14340 bytes).
    Removing u8x8_fonts.o(.constdata), (2564 bytes).
    Removing u8x8_fonts.o(.constdata), (8708 bytes).
    Removing u8x8_fonts.o(.constdata), (9220 bytes).
    Removing u8x8_fonts.o(.constdata), (9732 bytes).
    Removing u8x8_fonts.o(.constdata), (3076 bytes).
    Removing u8x8_fonts.o(.constdata), (10756 bytes).
    Removing u8x8_fonts.o(.constdata), (4612 bytes).
    Removing u8x8_fonts.o(.constdata), (1300 bytes).
    Removing u8x8_fonts.o(.constdata), (772 bytes).
    Removing u8x8_fonts.o(.constdata), (220 bytes).
    Removing u8x8_fonts.o(.constdata), (517 bytes).
    Removing u8x8_fonts.o(.constdata), (764 bytes).
    Removing u8x8_fonts.o(.constdata), (220 bytes).
    Removing u8x8_fonts.o(.constdata), (517 bytes).
    Removing u8x8_fonts.o(.constdata), (772 bytes).
    Removing u8x8_fonts.o(.constdata), (220 bytes).
    Removing u8x8_fonts.o(.constdata), (517 bytes).
    Removing u8x8_fonts.o(.constdata), (220 bytes).
    Removing u8x8_fonts.o(.constdata), (517 bytes).
    Removing u8x8_fonts.o(.constdata), (772 bytes).
    Removing u8x8_fonts.o(.constdata), (220 bytes).
    Removing u8x8_fonts.o(.constdata), (517 bytes).
    Removing u8x8_fonts.o(.constdata), (772 bytes).
    Removing u8x8_fonts.o(.constdata), (220 bytes).
    Removing u8x8_fonts.o(.constdata), (517 bytes).
    Removing u8x8_fonts.o(.constdata), (772 bytes).
    Removing u8x8_fonts.o(.constdata), (220 bytes).
    Removing u8x8_fonts.o(.constdata), (517 bytes).
    Removing u8x8_fonts.o(.constdata), (10756 bytes).
    Removing u8x8_fonts.o(.constdata), (4564 bytes).
    Removing u8x8_fonts.o(.constdata), (1300 bytes).
    Removing u8x8_fonts.o(.constdata), (10756 bytes).
    Removing u8x8_fonts.o(.constdata), (4564 bytes).
    Removing u8x8_fonts.o(.constdata), (1300 bytes).
    Removing u8x8_fonts.o(.constdata), (21508 bytes).
    Removing u8x8_fonts.o(.constdata), (9124 bytes).
    Removing u8x8_fonts.o(.constdata), (2596 bytes).
    Removing u8x8_fonts.o(.constdata), (21508 bytes).
    Removing u8x8_fonts.o(.constdata), (9124 bytes).
    Removing u8x8_fonts.o(.constdata), (2596 bytes).
    Removing u8x8_fonts.o(.constdata), (7076 bytes).
    Removing u8x8_fonts.o(.constdata), (2916 bytes).
    Removing u8x8_fonts.o(.constdata), (868 bytes).
    Removing u8x8_fonts.o(.constdata), (7076 bytes).
    Removing u8x8_fonts.o(.constdata), (2916 bytes).
    Removing u8x8_fonts.o(.constdata), (868 bytes).
    Removing u8x8_fonts.o(.constdata), (14340 bytes).
    Removing u8x8_fonts.o(.constdata), (6084 bytes).
    Removing u8x8_fonts.o(.constdata), (1732 bytes).
    Removing u8x8_fonts.o(.constdata), (32260 bytes).
    Removing u8x8_fonts.o(.constdata), (13684 bytes).
    Removing u8x8_fonts.o(.constdata), (3892 bytes).
    Removing u8x8_fonts.o(.constdata), (24324 bytes).
    Removing u8x8_fonts.o(.constdata), (6916 bytes).
    Removing u8x8_fonts.o(.constdata), (14340 bytes).
    Removing u8x8_fonts.o(.constdata), (6084 bytes).
    Removing u8x8_fonts.o(.constdata), (1732 bytes).
    Removing u8x8_fonts.o(.constdata), (32260 bytes).
    Removing u8x8_fonts.o(.constdata), (13684 bytes).
    Removing u8x8_fonts.o(.constdata), (3892 bytes).
    Removing u8x8_fonts.o(.constdata), (24324 bytes).
    Removing u8x8_fonts.o(.constdata), (6916 bytes).
    Removing u8x8_fonts.o(.constdata), (1796 bytes).
    Removing u8x8_fonts.o(.constdata), (772 bytes).
    Removing u8x8_fonts.o(.constdata), (220 bytes).
    Removing u8x8_fonts.o(.constdata), (516 bytes).
    Removing u8x8_fonts.o(.constdata), (1796 bytes).
    Removing u8x8_fonts.o(.constdata), (772 bytes).
    Removing u8x8_fonts.o(.constdata), (220 bytes).
    Removing u8x8_fonts.o(.constdata), (517 bytes).
    Removing u8x8_fonts.o(.constdata), (1796 bytes).
    Removing u8x8_fonts.o(.constdata), (773 bytes).
    Removing u8x8_fonts.o(.constdata), (220 bytes).
    Removing u8x8_fonts.o(.constdata), (517 bytes).
    Removing u8x8_fonts.o(.constdata), (1796 bytes).
    Removing u8x8_fonts.o(.constdata), (772 bytes).
    Removing u8x8_fonts.o(.constdata), (220 bytes).
    Removing u8x8_fonts.o(.constdata), (517 bytes).
    Removing u8x8_fonts.o(.constdata), (1796 bytes).
    Removing u8x8_fonts.o(.constdata), (772 bytes).
    Removing u8x8_fonts.o(.constdata), (220 bytes).
    Removing u8x8_fonts.o(.constdata), (517 bytes).
    Removing u8x8_fonts.o(.constdata), (7172 bytes).
    Removing u8x8_fonts.o(.constdata), (3077 bytes).
    Removing u8x8_fonts.o(.constdata), (868 bytes).
    Removing u8x8_fonts.o(.constdata), (7172 bytes).
    Removing u8x8_fonts.o(.constdata), (3077 bytes).
    Removing u8x8_fonts.o(.constdata), (868 bytes).
    Removing u8x8_input_value.o(i.u8x8_UserInterfaceInputValue), (262 bytes).
    Removing u8x8_message.o(i.u8x8_UserInterfaceMessage), (240 bytes).
    Removing u8x8_message.o(i.u8x8_draw_button_line), (164 bytes).
    Removing u8x8_selection_list.o(i.u8sl_Next), (42 bytes).
    Removing u8x8_selection_list.o(i.u8sl_Prev), (40 bytes).
    Removing u8x8_selection_list.o(i.u8x8_DrawSelectionList), (44 bytes).
    Removing u8x8_selection_list.o(i.u8x8_UserInterfaceSelectionList), (192 bytes).
    Removing u8x8_selection_list.o(i.u8x8_sl_string_line_cb), (76 bytes).
    Removing u8x8_setup.o(i.u8x8_d_null_cb), (32 bytes).
    Removing u8x8_setup.o(.constdata), (24 bytes).
    Removing u8x8_string.o(i.u8x8_CopyStringLine), (40 bytes).
    Removing u8x8_string.o(i.u8x8_DrawUTF8Line), (116 bytes).
    Removing u8x8_string.o(i.u8x8_DrawUTF8Lines), (66 bytes).
    Removing u8x8_string.o(i.u8x8_GetStringLineCnt), (26 bytes).
    Removing u8x8_string.o(i.u8x8_GetStringLineStart), (36 bytes).
    Removing u8x8_u8toa.o(i.u8x8_s8toa), (72 bytes).
    Removing u8x8_u8toa.o(i.u8x8_u8toa), (24 bytes).
    Removing u8x8_u8toa.o(i.u8x8_u8toap), (44 bytes).
    Removing u8x8_u8toa.o(i.u8x8_u8tox), (92 bytes).
    Removing u8x8_u8toa.o(.constdata), (3 bytes).
    Removing u8x8_u8toa.o(.data), (12 bytes).
    Removing u8x8_u16toa.o(i.u8x8_u16toa), (24 bytes).
    Removing u8x8_u16toa.o(i.u8x8_u16toap), (46 bytes).
    Removing u8x8_u16toa.o(i.u8x8_utoa), (28 bytes).
    Removing u8x8_u16toa.o(.data), (6 bytes).
    Removing u8g2_port.o(.rev16_text), (4 bytes).
    Removing u8g2_port.o(.revsh_text), (4 bytes).
    Removing u8g2_port.o(.rrx_text), (6 bytes).
    Removing u8x8_8x8.o(i.u8x8_Draw1x2Glyph), (146 bytes).
    Removing u8x8_8x8.o(i.u8x8_Draw1x2String), (16 bytes).
    Removing u8x8_8x8.o(i.u8x8_Draw1x2UTF8), (16 bytes).
    Removing u8x8_8x8.o(i.u8x8_Draw2x2Glyph), (74 bytes).
    Removing u8x8_8x8.o(i.u8x8_Draw2x2String), (16 bytes).
    Removing u8x8_8x8.o(i.u8x8_Draw2x2UTF8), (16 bytes).
    Removing u8x8_8x8.o(i.u8x8_DrawGlyph), (90 bytes).
    Removing u8x8_8x8.o(i.u8x8_DrawString), (16 bytes).
    Removing u8x8_8x8.o(i.u8x8_DrawUTF8), (16 bytes).
    Removing u8x8_8x8.o(i.u8x8_GetUTF8Len), (50 bytes).
    Removing u8x8_8x8.o(i.u8x8_SetFont), (4 bytes).
    Removing u8x8_8x8.o(i.u8x8_ascii_next), (14 bytes).
    Removing u8x8_8x8.o(i.u8x8_draw_1x2_string), (80 bytes).
    Removing u8x8_8x8.o(i.u8x8_draw_2x2_string), (84 bytes).
    Removing u8x8_8x8.o(i.u8x8_draw_2x2_subglyph), (152 bytes).
    Removing u8x8_8x8.o(i.u8x8_draw_string), (80 bytes).
    Removing u8x8_8x8.o(i.u8x8_get_glyph_data), (106 bytes).
    Removing u8x8_8x8.o(i.u8x8_upscale_buf), (26 bytes).
    Removing u8x8_8x8.o(i.u8x8_upscale_byte), (36 bytes).
    Removing u8x8_8x8.o(i.u8x8_utf8_init), (8 bytes).
    Removing u8x8_8x8.o(i.u8x8_utf8_next), (144 bytes).
    Removing u8x8_byte.o(i.i2c_clear_scl), (8 bytes).
    Removing u8x8_byte.o(i.i2c_clear_sda), (8 bytes).
    Removing u8x8_byte.o(i.i2c_delay), (10 bytes).
    Removing u8x8_byte.o(i.i2c_read_scl_and_delay), (22 bytes).
    Removing u8x8_byte.o(i.i2c_read_sda), (8 bytes).
    Removing u8x8_byte.o(i.i2c_write_bit), (38 bytes).
    Removing u8x8_byte.o(i.i2c_write_byte), (124 bytes).
    Removing u8x8_byte.o(i.u8x8_byte_3wire_sw_spi), (256 bytes).
    Removing u8x8_byte.o(i.u8x8_byte_4wire_sw_spi), (234 bytes).
    Removing u8x8_byte.o(i.u8x8_byte_8bit_6800mode), (216 bytes).
    Removing u8x8_byte.o(i.u8x8_byte_8bit_8080mode), (216 bytes).
    Removing u8x8_byte.o(i.u8x8_byte_SendBytes), (16 bytes).
    Removing u8x8_byte.o(i.u8x8_byte_SetDC), (16 bytes).
    Removing u8x8_byte.o(i.u8x8_byte_empty), (4 bytes).
    Removing u8x8_byte.o(i.u8x8_byte_ks0108), (210 bytes).
    Removing u8x8_byte.o(i.u8x8_byte_sed1520), (220 bytes).
    Removing u8x8_byte.o(i.u8x8_byte_set_ks0108_cs), (46 bytes).
    Removing u8x8_byte.o(i.u8x8_byte_sw_i2c), (188 bytes).
    Removing u8x8_byte.o(.data), (2 bytes).
    Removing u8x8_cad.o(i.u8x8_SendF), (18 bytes).
    Removing u8x8_cad.o(i.u8x8_cad_001), (82 bytes).
    Removing u8x8_cad.o(i.u8x8_cad_011), (86 bytes).
    Removing u8x8_cad.o(i.u8x8_cad_011_ssd13xx_i2c), (132 bytes).
    Removing u8x8_cad.o(i.u8x8_cad_100), (86 bytes).
    Removing u8x8_cad.o(i.u8x8_cad_110), (82 bytes).
    Removing u8x8_cad.o(i.u8x8_cad_SendMultipleArg), (38 bytes).
    Removing u8x8_cad.o(i.u8x8_cad_empty), (44 bytes).
    Removing u8x8_cad.o(i.u8x8_cad_ld7032_i2c), (180 bytes).
    Removing u8x8_cad.o(i.u8x8_cad_ssd13xx_i2c), (122 bytes).
    Removing u8x8_cad.o(i.u8x8_cad_st75256_i2c), (132 bytes).
    Removing u8x8_cad.o(i.u8x8_cad_st7920_spi), (248 bytes).
    Removing u8x8_cad.o(i.u8x8_cad_uc1638_i2c), (280 bytes).
    Removing u8x8_cad.o(i.u8x8_cad_uc16xx_i2c), (240 bytes).
    Removing u8x8_cad.o(i.u8x8_cad_vsendf), (82 bytes).
    Removing u8x8_cad.o(i.u8x8_gu800_cad_110), (118 bytes).
    Removing u8x8_cad.o(.bss), (16 bytes).
    Removing u8x8_capture.o(i.u8x8_capture_get_pixel_1), (30 bytes).
    Removing u8x8_capture.o(i.u8x8_capture_get_pixel_2), (32 bytes).
    Removing u8x8_capture.o(i.u8x8_capture_write_pbm_buffer), (96 bytes).
    Removing u8x8_capture.o(i.u8x8_capture_write_pbm_pre), (52 bytes).
    Removing u8x8_capture.o(i.u8x8_capture_write_xbm_buffer), (192 bytes).
    Removing u8x8_capture.o(i.u8x8_capture_write_xbm_pre), (136 bytes).
    Removing u8g2_bitmap.o(i.u8g2_DrawBitmap), (80 bytes).
    Removing u8g2_bitmap.o(i.u8g2_DrawHXBMP), (172 bytes).
    Removing u8g2_bitmap.o(i.u8g2_DrawHorizontalBitmap), (144 bytes).
    Removing u8g2_bitmap.o(i.u8g2_DrawXBMP), (76 bytes).
    Removing u8g2_bitmap.o(i.u8g2_SetBitmapMode), (6 bytes).

2746 unused section(s) (total 14517104 bytes) removed from the image.

==============================================================================

Image Symbol Table

    Local Symbols

    Symbol Name                              Value     Ov Type        Size  Object(Section)

    ../Core/Src/gpio.c                       0x00000000   Number         0  gpio.o ABSOLUTE
    ../Core/Src/i2c.c                        0x00000000   Number         0  i2c.o ABSOLUTE
    ../Core/Src/main.c                       0x00000000   Number         0  main.o ABSOLUTE
    ../Core/Src/stm32f4xx_hal_msp.c          0x00000000   Number         0  stm32f4xx_hal_msp.o ABSOLUTE
    ../Core/Src/stm32f4xx_it.c               0x00000000   Number         0  stm32f4xx_it.o ABSOLUTE
    ../Core/Src/system_stm32f4xx.c           0x00000000   Number         0  system_stm32f4xx.o ABSOLUTE
    ../Core/Src/usart.c                      0x00000000   Number         0  usart.o ABSOLUTE
    ../Drivers/STM32F4xx_HAL_Driver/Src/stm32f4xx_hal.c 0x00000000   Number         0  stm32f4xx_hal.o ABSOLUTE
    ../Drivers/STM32F4xx_HAL_Driver/Src/stm32f4xx_hal_cortex.c 0x00000000   Number         0  stm32f4xx_hal_cortex.o ABSOLUTE
    ../Drivers/STM32F4xx_HAL_Driver/Src/stm32f4xx_hal_dma.c 0x00000000   Number         0  stm32f4xx_hal_dma.o ABSOLUTE
    ../Drivers/STM32F4xx_HAL_Driver/Src/stm32f4xx_hal_dma_ex.c 0x00000000   Number         0  stm32f4xx_hal_dma_ex.o ABSOLUTE
    ../Drivers/STM32F4xx_HAL_Driver/Src/stm32f4xx_hal_exti.c 0x00000000   Number         0  stm32f4xx_hal_exti.o ABSOLUTE
    ../Drivers/STM32F4xx_HAL_Driver/Src/stm32f4xx_hal_flash.c 0x00000000   Number         0  stm32f4xx_hal_flash.o ABSOLUTE
    ../Drivers/STM32F4xx_HAL_Driver/Src/stm32f4xx_hal_flash_ex.c 0x00000000   Number         0  stm32f4xx_hal_flash_ex.o ABSOLUTE
    ../Drivers/STM32F4xx_HAL_Driver/Src/stm32f4xx_hal_flash_ramfunc.c 0x00000000   Number         0  stm32f4xx_hal_flash_ramfunc.o ABSOLUTE
    ../Drivers/STM32F4xx_HAL_Driver/Src/stm32f4xx_hal_gpio.c 0x00000000   Number         0  stm32f4xx_hal_gpio.o ABSOLUTE
    ../Drivers/STM32F4xx_HAL_Driver/Src/stm32f4xx_hal_i2c.c 0x00000000   Number         0  stm32f4xx_hal_i2c.o ABSOLUTE
    ../Drivers/STM32F4xx_HAL_Driver/Src/stm32f4xx_hal_i2c_ex.c 0x00000000   Number         0  stm32f4xx_hal_i2c_ex.o ABSOLUTE
    ../Drivers/STM32F4xx_HAL_Driver/Src/stm32f4xx_hal_pwr.c 0x00000000   Number         0  stm32f4xx_hal_pwr.o ABSOLUTE
    ../Drivers/STM32F4xx_HAL_Driver/Src/stm32f4xx_hal_pwr_ex.c 0x00000000   Number         0  stm32f4xx_hal_pwr_ex.o ABSOLUTE
    ../Drivers/STM32F4xx_HAL_Driver/Src/stm32f4xx_hal_rcc.c 0x00000000   Number         0  stm32f4xx_hal_rcc.o ABSOLUTE
    ../Drivers/STM32F4xx_HAL_Driver/Src/stm32f4xx_hal_rcc_ex.c 0x00000000   Number         0  stm32f4xx_hal_rcc_ex.o ABSOLUTE
    ../Drivers/STM32F4xx_HAL_Driver/Src/stm32f4xx_hal_uart.c 0x00000000   Number         0  stm32f4xx_hal_uart.o ABSOLUTE
    ../clib/microlib/division.c              0x00000000   Number         0  uldiv.o ABSOLUTE
    ../clib/microlib/init/entry.s            0x00000000   Number         0  entry5.o ABSOLUTE
    ../clib/microlib/init/entry.s            0x00000000   Number         0  entry7a.o ABSOLUTE
    ../clib/microlib/init/entry.s            0x00000000   Number         0  entry7b.o ABSOLUTE
    ../clib/microlib/init/entry.s            0x00000000   Number         0  entry8a.o ABSOLUTE
    ../clib/microlib/init/entry.s            0x00000000   Number         0  entry11a.o ABSOLUTE
    ../clib/microlib/init/entry.s            0x00000000   Number         0  entry.o ABSOLUTE
    ../clib/microlib/init/entry.s            0x00000000   Number         0  entry8b.o ABSOLUTE
    ../clib/microlib/init/entry.s            0x00000000   Number         0  entry11b.o ABSOLUTE
    ../clib/microlib/init/entry.s            0x00000000   Number         0  entry9b.o ABSOLUTE
    ../clib/microlib/init/entry.s            0x00000000   Number         0  entry2.o ABSOLUTE
    ../clib/microlib/init/entry.s            0x00000000   Number         0  entry9a.o ABSOLUTE
    ../clib/microlib/init/entry.s            0x00000000   Number         0  entry10a.o ABSOLUTE
    ../clib/microlib/init/entry.s            0x00000000   Number         0  entry10b.o ABSOLUTE
    ../clib/microlib/longlong.c              0x00000000   Number         0  llushr.o ABSOLUTE
    ../clib/microlib/longlong.c              0x00000000   Number         0  llshl.o ABSOLUTE
    ../clib/microlib/string/memcpy.c         0x00000000   Number         0  memcpyb.o ABSOLUTE
    ../clib/microlib/string/memcpy.c         0x00000000   Number         0  memcpya.o ABSOLUTE
    ../clib/microlib/string/memset.c         0x00000000   Number         0  memseta.o ABSOLUTE
    ..\..\f411_test\u8g2\u8g2_bitmap.c       0x00000000   Number         0  u8g2_bitmap.o ABSOLUTE
    ..\Core\Src\gpio.c                       0x00000000   Number         0  gpio.o ABSOLUTE
    ..\Core\Src\i2c.c                        0x00000000   Number         0  i2c.o ABSOLUTE
    ..\Core\Src\main.c                       0x00000000   Number         0  main.o ABSOLUTE
    ..\Core\Src\stm32f4xx_hal_msp.c          0x00000000   Number         0  stm32f4xx_hal_msp.o ABSOLUTE
    ..\Core\Src\stm32f4xx_it.c               0x00000000   Number         0  stm32f4xx_it.o ABSOLUTE
    ..\Core\Src\system_stm32f4xx.c           0x00000000   Number         0  system_stm32f4xx.o ABSOLUTE
    ..\Core\Src\usart.c                      0x00000000   Number         0  usart.o ABSOLUTE
    ..\Drivers\STM32F4xx_HAL_Driver\Src\stm32f4xx_hal.c 0x00000000   Number         0  stm32f4xx_hal.o ABSOLUTE
    ..\Drivers\STM32F4xx_HAL_Driver\Src\stm32f4xx_hal_cortex.c 0x00000000   Number         0  stm32f4xx_hal_cortex.o ABSOLUTE
    ..\Drivers\STM32F4xx_HAL_Driver\Src\stm32f4xx_hal_dma.c 0x00000000   Number         0  stm32f4xx_hal_dma.o ABSOLUTE
    ..\Drivers\STM32F4xx_HAL_Driver\Src\stm32f4xx_hal_dma_ex.c 0x00000000   Number         0  stm32f4xx_hal_dma_ex.o ABSOLUTE
    ..\Drivers\STM32F4xx_HAL_Driver\Src\stm32f4xx_hal_exti.c 0x00000000   Number         0  stm32f4xx_hal_exti.o ABSOLUTE
    ..\Drivers\STM32F4xx_HAL_Driver\Src\stm32f4xx_hal_flash.c 0x00000000   Number         0  stm32f4xx_hal_flash.o ABSOLUTE
    ..\Drivers\STM32F4xx_HAL_Driver\Src\stm32f4xx_hal_flash_ex.c 0x00000000   Number         0  stm32f4xx_hal_flash_ex.o ABSOLUTE
    ..\Drivers\STM32F4xx_HAL_Driver\Src\stm32f4xx_hal_flash_ramfunc.c 0x00000000   Number         0  stm32f4xx_hal_flash_ramfunc.o ABSOLUTE
    ..\Drivers\STM32F4xx_HAL_Driver\Src\stm32f4xx_hal_gpio.c 0x00000000   Number         0  stm32f4xx_hal_gpio.o ABSOLUTE
    ..\Drivers\STM32F4xx_HAL_Driver\Src\stm32f4xx_hal_i2c.c 0x00000000   Number         0  stm32f4xx_hal_i2c.o ABSOLUTE
    ..\Drivers\STM32F4xx_HAL_Driver\Src\stm32f4xx_hal_i2c_ex.c 0x00000000   Number         0  stm32f4xx_hal_i2c_ex.o ABSOLUTE
    ..\Drivers\STM32F4xx_HAL_Driver\Src\stm32f4xx_hal_pwr.c 0x00000000   Number         0  stm32f4xx_hal_pwr.o ABSOLUTE
    ..\Drivers\STM32F4xx_HAL_Driver\Src\stm32f4xx_hal_pwr_ex.c 0x00000000   Number         0  stm32f4xx_hal_pwr_ex.o ABSOLUTE
    ..\Drivers\STM32F4xx_HAL_Driver\Src\stm32f4xx_hal_rcc.c 0x00000000   Number         0  stm32f4xx_hal_rcc.o ABSOLUTE
    ..\Drivers\STM32F4xx_HAL_Driver\Src\stm32f4xx_hal_rcc_ex.c 0x00000000   Number         0  stm32f4xx_hal_rcc_ex.o ABSOLUTE
    ..\Drivers\STM32F4xx_HAL_Driver\Src\stm32f4xx_hal_uart.c 0x00000000   Number         0  stm32f4xx_hal_uart.o ABSOLUTE
    ..\u8g2\u8g2_arc.c                       0x00000000   Number         0  u8g2_arc.o ABSOLUTE
    ..\u8g2\u8g2_box.c                       0x00000000   Number         0  u8g2_box.o ABSOLUTE
    ..\u8g2\u8g2_buffer.c                    0x00000000   Number         0  u8g2_buffer.o ABSOLUTE
    ..\u8g2\u8g2_button.c                    0x00000000   Number         0  u8g2_button.o ABSOLUTE
    ..\u8g2\u8g2_circle.c                    0x00000000   Number         0  u8g2_circle.o ABSOLUTE
    ..\u8g2\u8g2_cleardisplay.c              0x00000000   Number         0  u8g2_cleardisplay.o ABSOLUTE
    ..\u8g2\u8g2_font.c                      0x00000000   Number         0  u8g2_font.o ABSOLUTE
    ..\u8g2\u8g2_fonts.c                     0x00000000   Number         0  u8g2_fonts.o ABSOLUTE
    ..\u8g2\u8g2_hvline.c                    0x00000000   Number         0  u8g2_hvline.o ABSOLUTE
    ..\u8g2\u8g2_input_value.c               0x00000000   Number         0  u8g2_input_value.o ABSOLUTE
    ..\u8g2\u8g2_intersection.c              0x00000000   Number         0  u8g2_intersection.o ABSOLUTE
    ..\u8g2\u8g2_kerning.c                   0x00000000   Number         0  u8g2_kerning.o ABSOLUTE
    ..\u8g2\u8g2_line.c                      0x00000000   Number         0  u8g2_line.o ABSOLUTE
    ..\u8g2\u8g2_ll_hvline.c                 0x00000000   Number         0  u8g2_ll_hvline.o ABSOLUTE
    ..\u8g2\u8g2_message.c                   0x00000000   Number         0  u8g2_message.o ABSOLUTE
    ..\u8g2\u8g2_polygon.c                   0x00000000   Number         0  u8g2_polygon.o ABSOLUTE
    ..\u8g2\u8g2_selection_list.c            0x00000000   Number         0  u8g2_selection_list.o ABSOLUTE
    ..\u8g2\u8g2_setup.c                     0x00000000   Number         0  u8g2_setup.o ABSOLUTE
    ..\u8g2\u8x8_8x8.c                       0x00000000   Number         0  u8x8_8x8.o ABSOLUTE
    ..\u8g2\u8x8_byte.c                      0x00000000   Number         0  u8x8_byte.o ABSOLUTE
    ..\u8g2\u8x8_cad.c                       0x00000000   Number         0  u8x8_cad.o ABSOLUTE
    ..\u8g2\u8x8_capture.c                   0x00000000   Number         0  u8x8_capture.o ABSOLUTE
    ..\u8g2\u8x8_d_ssd1306_128x64_noname.c   0x00000000   Number         0  u8x8_d_ssd1306_128x64_noname.o ABSOLUTE
    ..\u8g2\u8x8_debounce.c                  0x00000000   Number         0  u8x8_debounce.o ABSOLUTE
    ..\u8g2\u8x8_display.c                   0x00000000   Number         0  u8x8_display.o ABSOLUTE
    ..\u8g2\u8x8_fonts.c                     0x00000000   Number         0  u8x8_fonts.o ABSOLUTE
    ..\u8g2\u8x8_gpio.c                      0x00000000   Number         0  u8x8_gpio.o ABSOLUTE
    ..\u8g2\u8x8_input_value.c               0x00000000   Number         0  u8x8_input_value.o ABSOLUTE
    ..\u8g2\u8x8_message.c                   0x00000000   Number         0  u8x8_message.o ABSOLUTE
    ..\u8g2\u8x8_selection_list.c            0x00000000   Number         0  u8x8_selection_list.o ABSOLUTE
    ..\u8g2\u8x8_setup.c                     0x00000000   Number         0  u8x8_setup.o ABSOLUTE
    ..\u8g2\u8x8_string.c                    0x00000000   Number         0  u8x8_string.o ABSOLUTE
    ..\u8g2\u8x8_u16toa.c                    0x00000000   Number         0  u8x8_u16toa.o ABSOLUTE
    ..\u8g2\u8x8_u8toa.c                     0x00000000   Number         0  u8x8_u8toa.o ABSOLUTE
    dc.s                                     0x00000000   Number         0  dc.o ABSOLUTE
    handlers.s                               0x00000000   Number         0  handlers.o ABSOLUTE
    init.s                                   0x00000000   Number         0  init.o ABSOLUTE
    startup_stm32f411xe.s                    0x00000000   Number         0  startup_stm32f411xe.o ABSOLUTE
    u8g2_port.c                              0x00000000   Number         0  u8g2_port.o ABSOLUTE
    u8g2_port.c                              0x00000000   Number         0  u8g2_port.o ABSOLUTE
    RESET                                    0x08000000   Section      408  startup_stm32f411xe.o(RESET)
    .ARM.Collect$$$$00000000                 0x08000198   Section        0  entry.o(.ARM.Collect$$$$00000000)
    .ARM.Collect$$$$00000001                 0x08000198   Section        4  entry2.o(.ARM.Collect$$$$00000001)
    .ARM.Collect$$$$00000004                 0x0800019c   Section        4  entry5.o(.ARM.Collect$$$$00000004)
    .ARM.Collect$$$$00000008                 0x080001a0   Section        0  entry7b.o(.ARM.Collect$$$$00000008)
    .ARM.Collect$$$$0000000A                 0x080001a0   Section        0  entry8b.o(.ARM.Collect$$$$0000000A)
    .ARM.Collect$$$$0000000B                 0x080001a0   Section        8  entry9a.o(.ARM.Collect$$$$0000000B)
    .ARM.Collect$$$$0000000D                 0x080001a8   Section        0  entry10a.o(.ARM.Collect$$$$0000000D)
    .ARM.Collect$$$$0000000F                 0x080001a8   Section        0  entry11a.o(.ARM.Collect$$$$0000000F)
    .ARM.Collect$$$$00002712                 0x080001a8   Section        4  entry2.o(.ARM.Collect$$$$00002712)
    __lit__00000000                          0x080001a8   Data           4  entry2.o(.ARM.Collect$$$$00002712)
    .text                                    0x080001ac   Section       36  startup_stm32f411xe.o(.text)
    $v0                                      0x080001ac   Number         0  startup_stm32f411xe.o(.text)
    .text                                    0x080001d0   Section        0  uldiv.o(.text)
    .text                                    0x08000232   Section        0  memseta.o(.text)
    .text                                    0x08000256   Section        0  llshl.o(.text)
    .text                                    0x08000274   Section        0  llushr.o(.text)
    .text                                    0x08000294   Section       36  init.o(.text)
    i.BusFault_Handler                       0x080002b8   Section        0  stm32f4xx_it.o(i.BusFault_Handler)
    i.DebugMon_Handler                       0x080002ba   Section        0  stm32f4xx_it.o(i.DebugMon_Handler)
    i.Error_Handler                          0x080002bc   Section        0  main.o(i.Error_Handler)
    i.HAL_DMA_Abort                          0x080002c0   Section        0  stm32f4xx_hal_dma.o(i.HAL_DMA_Abort)
    i.HAL_DMA_Abort_IT                       0x08000352   Section        0  stm32f4xx_hal_dma.o(i.HAL_DMA_Abort_IT)
    i.HAL_Delay                              0x08000378   Section        0  stm32f4xx_hal.o(i.HAL_Delay)
    i.HAL_GPIO_Init                          0x0800039c   Section        0  stm32f4xx_hal_gpio.o(i.HAL_GPIO_Init)
    i.HAL_GPIO_WritePin                      0x0800057c   Section        0  stm32f4xx_hal_gpio.o(i.HAL_GPIO_WritePin)
    i.HAL_GetTick                            0x08000588   Section        0  stm32f4xx_hal.o(i.HAL_GetTick)
    i.HAL_I2C_Init                           0x08000594   Section        0  stm32f4xx_hal_i2c.o(i.HAL_I2C_Init)
    i.HAL_I2C_Master_Transmit                0x0800071c   Section        0  stm32f4xx_hal_i2c.o(i.HAL_I2C_Master_Transmit)
    i.HAL_I2C_MspInit                        0x08000848   Section        0  i2c.o(i.HAL_I2C_MspInit)
    i.HAL_IncTick                            0x080008b0   Section        0  stm32f4xx_hal.o(i.HAL_IncTick)
    i.HAL_Init                               0x080008c0   Section        0  stm32f4xx_hal.o(i.HAL_Init)
    i.HAL_InitTick                           0x080008f4   Section        0  stm32f4xx_hal.o(i.HAL_InitTick)
    i.HAL_MspInit                            0x08000934   Section        0  stm32f4xx_hal_msp.o(i.HAL_MspInit)
    i.HAL_NVIC_EnableIRQ                     0x08000964   Section        0  stm32f4xx_hal_cortex.o(i.HAL_NVIC_EnableIRQ)
    i.HAL_NVIC_SetPriority                   0x08000980   Section        0  stm32f4xx_hal_cortex.o(i.HAL_NVIC_SetPriority)
    i.HAL_NVIC_SetPriorityGrouping           0x080009c0   Section        0  stm32f4xx_hal_cortex.o(i.HAL_NVIC_SetPriorityGrouping)
    i.HAL_RCC_ClockConfig                    0x080009e4   Section        0  stm32f4xx_hal_rcc.o(i.HAL_RCC_ClockConfig)
    i.HAL_RCC_GetPCLK1Freq                   0x08000b18   Section        0  stm32f4xx_hal_rcc.o(i.HAL_RCC_GetPCLK1Freq)
    i.HAL_RCC_GetPCLK2Freq                   0x08000b38   Section        0  stm32f4xx_hal_rcc.o(i.HAL_RCC_GetPCLK2Freq)
    i.HAL_RCC_GetSysClockFreq                0x08000b58   Section        0  stm32f4xx_hal_rcc.o(i.HAL_RCC_GetSysClockFreq)
    i.HAL_RCC_OscConfig                      0x08000bbc   Section        0  stm32f4xx_hal_rcc.o(i.HAL_RCC_OscConfig)
    i.HAL_SYSTICK_Config                     0x08000f28   Section        0  stm32f4xx_hal_cortex.o(i.HAL_SYSTICK_Config)
    i.HAL_UARTEx_RxEventCallback             0x08000f50   Section        0  stm32f4xx_hal_uart.o(i.HAL_UARTEx_RxEventCallback)
    i.HAL_UART_ErrorCallback                 0x08000f52   Section        0  stm32f4xx_hal_uart.o(i.HAL_UART_ErrorCallback)
    i.HAL_UART_IRQHandler                    0x08000f54   Section        0  stm32f4xx_hal_uart.o(i.HAL_UART_IRQHandler)
    i.HAL_UART_Init                          0x080011d4   Section        0  stm32f4xx_hal_uart.o(i.HAL_UART_Init)
    i.HAL_UART_MspInit                       0x08001238   Section        0  usart.o(i.HAL_UART_MspInit)
    i.HAL_UART_Receive_IT                    0x080012b4   Section        0  stm32f4xx_hal_uart.o(i.HAL_UART_Receive_IT)
    i.HAL_UART_RxCpltCallback                0x080012d0   Section        0  main.o(i.HAL_UART_RxCpltCallback)
    i.HAL_UART_TxCpltCallback                0x08001338   Section        0  stm32f4xx_hal_uart.o(i.HAL_UART_TxCpltCallback)
    i.HardFault_Handler                      0x0800133a   Section        0  stm32f4xx_it.o(i.HardFault_Handler)
    i.I2C_IsAcknowledgeFailed                0x0800133c   Section        0  stm32f4xx_hal_i2c.o(i.I2C_IsAcknowledgeFailed)
    I2C_IsAcknowledgeFailed                  0x0800133d   Thumb Code    46  stm32f4xx_hal_i2c.o(i.I2C_IsAcknowledgeFailed)
    i.I2C_MasterRequestWrite                 0x0800136c   Section        0  stm32f4xx_hal_i2c.o(i.I2C_MasterRequestWrite)
    I2C_MasterRequestWrite                   0x0800136d   Thumb Code   150  stm32f4xx_hal_i2c.o(i.I2C_MasterRequestWrite)
    i.I2C_WaitOnBTFFlagUntilTimeout          0x08001408   Section        0  stm32f4xx_hal_i2c.o(i.I2C_WaitOnBTFFlagUntilTimeout)
    I2C_WaitOnBTFFlagUntilTimeout            0x08001409   Thumb Code    86  stm32f4xx_hal_i2c.o(i.I2C_WaitOnBTFFlagUntilTimeout)
    i.I2C_WaitOnFlagUntilTimeout             0x08001460   Section        0  stm32f4xx_hal_i2c.o(i.I2C_WaitOnFlagUntilTimeout)
    I2C_WaitOnFlagUntilTimeout               0x08001461   Thumb Code   144  stm32f4xx_hal_i2c.o(i.I2C_WaitOnFlagUntilTimeout)
    i.I2C_WaitOnMasterAddressFlagUntilTimeout 0x080014f0   Section        0  stm32f4xx_hal_i2c.o(i.I2C_WaitOnMasterAddressFlagUntilTimeout)
    I2C_WaitOnMasterAddressFlagUntilTimeout  0x080014f1   Thumb Code   188  stm32f4xx_hal_i2c.o(i.I2C_WaitOnMasterAddressFlagUntilTimeout)
    i.I2C_WaitOnTXEFlagUntilTimeout          0x080015ac   Section        0  stm32f4xx_hal_i2c.o(i.I2C_WaitOnTXEFlagUntilTimeout)
    I2C_WaitOnTXEFlagUntilTimeout            0x080015ad   Thumb Code    86  stm32f4xx_hal_i2c.o(i.I2C_WaitOnTXEFlagUntilTimeout)
    i.MX_GPIO_Init                           0x08001604   Section        0  gpio.o(i.MX_GPIO_Init)
    i.MX_I2C1_Init                           0x08001680   Section        0  i2c.o(i.MX_I2C1_Init)
    i.MX_USART1_UART_Init                    0x080016c0   Section        0  usart.o(i.MX_USART1_UART_Init)
    i.MemManage_Handler                      0x080016f8   Section        0  stm32f4xx_it.o(i.MemManage_Handler)
    i.NMI_Handler                            0x080016fa   Section        0  stm32f4xx_it.o(i.NMI_Handler)
    i.PendSV_Handler                         0x080016fc   Section        0  stm32f4xx_it.o(i.PendSV_Handler)
    i.SVC_Handler                            0x080016fe   Section        0  stm32f4xx_it.o(i.SVC_Handler)
    i.SysTick_Handler                        0x08001700   Section        0  stm32f4xx_it.o(i.SysTick_Handler)
    i.SystemClock_Config                     0x08001704   Section        0  main.o(i.SystemClock_Config)
    i.SystemInit                             0x08001794   Section        0  system_stm32f4xx.o(i.SystemInit)
    i.UART_DMAAbortOnError                   0x080017a4   Section        0  stm32f4xx_hal_uart.o(i.UART_DMAAbortOnError)
    UART_DMAAbortOnError                     0x080017a5   Thumb Code    14  stm32f4xx_hal_uart.o(i.UART_DMAAbortOnError)
    i.UART_EndRxTransfer                     0x080017b2   Section        0  stm32f4xx_hal_uart.o(i.UART_EndRxTransfer)
    UART_EndRxTransfer                       0x080017b3   Thumb Code    78  stm32f4xx_hal_uart.o(i.UART_EndRxTransfer)
    i.UART_Receive_IT                        0x08001800   Section        0  stm32f4xx_hal_uart.o(i.UART_Receive_IT)
    UART_Receive_IT                          0x08001801   Thumb Code   194  stm32f4xx_hal_uart.o(i.UART_Receive_IT)
    i.UART_SetConfig                         0x080018c4   Section        0  stm32f4xx_hal_uart.o(i.UART_SetConfig)
    UART_SetConfig                           0x080018c5   Thumb Code   258  stm32f4xx_hal_uart.o(i.UART_SetConfig)
    i.UART_Start_Receive_IT                  0x080019d0   Section        0  stm32f4xx_hal_uart.o(i.UART_Start_Receive_IT)
    i.USART1_IRQHandler                      0x08001a08   Section        0  stm32f4xx_it.o(i.USART1_IRQHandler)
    i.UsageFault_Handler                     0x08001a14   Section        0  stm32f4xx_it.o(i.UsageFault_Handler)
    i.__NVIC_SetPriority                     0x08001a16   Section        0  stm32f4xx_hal_cortex.o(i.__NVIC_SetPriority)
    __NVIC_SetPriority                       0x08001a17   Thumb Code    32  stm32f4xx_hal_cortex.o(i.__NVIC_SetPriority)
    i.__scatterload_copy                     0x08001a36   Section       14  handlers.o(i.__scatterload_copy)
    i.__scatterload_null                     0x08001a44   Section        2  handlers.o(i.__scatterload_null)
    i.__scatterload_zeroinit                 0x08001a46   Section       14  handlers.o(i.__scatterload_zeroinit)
    i.main                                   0x08001a54   Section        0  main.o(i.main)
    i.u8g2_ClearBuffer                       0x08001b08   Section        0  u8g2_buffer.o(i.u8g2_ClearBuffer)
    i.u8g2_DrawHVLine                        0x08001b1c   Section        0  u8g2_hvline.o(i.u8g2_DrawHVLine)
    i.u8g2_DrawHXBM                          0x08001bc8   Section        0  u8g2_bitmap.o(i.u8g2_DrawHXBM)
    i.u8g2_DrawXBM                           0x08001c74   Section        0  u8g2_bitmap.o(i.u8g2_DrawXBM)
    i.u8g2_IsIntersection                    0x08001cc0   Section        0  u8g2_intersection.o(i.u8g2_IsIntersection)
    i.u8g2_SendBuffer                        0x08001cf0   Section        0  u8g2_buffer.o(i.u8g2_SendBuffer)
    i.u8g2_SetFontPosBaseline                0x08001d04   Section        0  u8g2_font.o(i.u8g2_SetFontPosBaseline)
    i.u8g2_SetMaxClipWindow                  0x08001d10   Section        0  u8g2_setup.o(i.u8g2_SetMaxClipWindow)
    i.u8g2_SetupBuffer                       0x08001d2c   Section        0  u8g2_setup.o(i.u8g2_SetupBuffer)
    i.u8g2_apply_clip_window                 0x08001d72   Section        0  u8g2_setup.o(i.u8g2_apply_clip_window)
    u8g2_apply_clip_window                   0x08001d73   Thumb Code   110  u8g2_setup.o(i.u8g2_apply_clip_window)
    i.u8g2_clip_intersection2                0x08001de0   Section        0  u8g2_hvline.o(i.u8g2_clip_intersection2)
    u8g2_clip_intersection2                  0x08001de1   Thumb Code    60  u8g2_hvline.o(i.u8g2_clip_intersection2)
    i.u8g2_draw_hv_line_2dir                 0x08001e1c   Section        0  u8g2_hvline.o(i.u8g2_draw_hv_line_2dir)
    i.u8g2_draw_l90_r0                       0x08001e2e   Section        0  u8g2_setup.o(i.u8g2_draw_l90_r0)
    i.u8g2_font_calc_vref_font               0x08001e3a   Section        0  u8g2_font.o(i.u8g2_font_calc_vref_font)
    i.u8g2_is_intersection_decision_tree     0x08001e3e   Section        0  u8g2_intersection.o(i.u8g2_is_intersection_decision_tree)
    i.u8g2_ll_hvline_vertical_top_lsb        0x08001e58   Section        0  u8g2_ll_hvline.o(i.u8g2_ll_hvline_vertical_top_lsb)
    i.u8g2_send_buffer                       0x08001ee8   Section        0  u8g2_buffer.o(i.u8g2_send_buffer)
    u8g2_send_buffer                         0x08001ee9   Thumb Code    78  u8g2_buffer.o(i.u8g2_send_buffer)
    i.u8g2_update_dimension_common           0x08001f36   Section        0  u8g2_setup.o(i.u8g2_update_dimension_common)
    u8g2_update_dimension_common             0x08001f37   Thumb Code    70  u8g2_setup.o(i.u8g2_update_dimension_common)
    i.u8g2_update_dimension_r0               0x08001f7c   Section        0  u8g2_setup.o(i.u8g2_update_dimension_r0)
    i.u8g2_update_page_win_r0                0x08001f80   Section        0  u8g2_setup.o(i.u8g2_update_page_win_r0)
    i.u8x8_DrawTile                          0x08001fa2   Section        0  u8x8_display.o(i.u8x8_DrawTile)
    i.u8x8_InitDisplay                       0x08001fc0   Section        0  u8x8_display.o(i.u8x8_InitDisplay)
    i.u8x8_RefreshDisplay                    0x08001fd0   Section        0  u8x8_display.o(i.u8x8_RefreshDisplay)
    i.u8x8_SetPowerSave                      0x08001fe0   Section        0  u8x8_display.o(i.u8x8_SetPowerSave)
    i.u8x8_Setup                             0x08001ff0   Section        0  u8x8_setup.o(i.u8x8_Setup)
    i.u8x8_SetupDefaults                     0x08002014   Section        0  u8x8_setup.o(i.u8x8_SetupDefaults)
    i.u8x8_SetupMemory                       0x08002038   Section        0  u8x8_display.o(i.u8x8_SetupMemory)
    i.u8x8_byte_EndTransfer                  0x08002048   Section        0  u8x8_byte.o(i.u8x8_byte_EndTransfer)
    i.u8x8_byte_SendByte                     0x08002058   Section        0  u8x8_byte.o(i.u8x8_byte_SendByte)
    i.u8x8_byte_StartTransfer                0x08002066   Section        0  u8x8_byte.o(i.u8x8_byte_StartTransfer)
    i.u8x8_byte_stm32_hw_i2c                 0x08002078   Section        0  u8g2_port.o(i.u8x8_byte_stm32_hw_i2c)
    i.u8x8_cad_EndTransfer                   0x080020dc   Section        0  u8x8_cad.o(i.u8x8_cad_EndTransfer)
    i.u8x8_cad_SendArg                       0x080020ec   Section        0  u8x8_cad.o(i.u8x8_cad_SendArg)
    i.u8x8_cad_SendCmd                       0x080020fc   Section        0  u8x8_cad.o(i.u8x8_cad_SendCmd)
    i.u8x8_cad_SendData                      0x0800210c   Section        0  u8x8_cad.o(i.u8x8_cad_SendData)
    i.u8x8_cad_SendSequence                  0x0800211c   Section        0  u8x8_cad.o(i.u8x8_cad_SendSequence)
    i.u8x8_cad_StartTransfer                 0x08002184   Section        0  u8x8_cad.o(i.u8x8_cad_StartTransfer)
    i.u8x8_cad_ssd13xx_fast_i2c              0x08002194   Section        0  u8x8_cad.o(i.u8x8_cad_ssd13xx_fast_i2c)
    i.u8x8_d_helper_display_init             0x08002250   Section        0  u8x8_display.o(i.u8x8_d_helper_display_init)
    i.u8x8_d_helper_display_setup_memory     0x080022b0   Section        0  u8x8_display.o(i.u8x8_d_helper_display_setup_memory)
    i.u8x8_d_ssd1306_128x64_noname           0x080022bc   Section        0  u8x8_d_ssd1306_128x64_noname.o(i.u8x8_d_ssd1306_128x64_noname)
    i.u8x8_d_ssd1306_sh1106_generic          0x080022f8   Section        0  u8x8_d_ssd1306_128x64_noname.o(i.u8x8_d_ssd1306_sh1106_generic)
    u8x8_d_ssd1306_sh1106_generic            0x080022f9   Thumb Code   196  u8x8_d_ssd1306_128x64_noname.o(i.u8x8_d_ssd1306_sh1106_generic)
    i.u8x8_dummy_cb                          0x080023c0   Section        0  u8x8_setup.o(i.u8x8_dummy_cb)
    i.u8x8_gpio_and_delay_stm32              0x080023c4   Section        0  u8g2_port.o(i.u8x8_gpio_and_delay_stm32)
    i.u8x8_gpio_call                         0x080023fa   Section        0  u8x8_gpio.o(i.u8x8_gpio_call)
    i.u8x8_i2c_data_transfer                 0x08002406   Section        0  u8x8_cad.o(i.u8x8_i2c_data_transfer)
    u8x8_i2c_data_transfer                   0x08002407   Thumb Code    44  u8x8_cad.o(i.u8x8_i2c_data_transfer)
    .constdata                               0x08002432   Section       16  system_stm32f4xx.o(.constdata)
    .constdata                               0x08002442   Section        8  system_stm32f4xx.o(.constdata)
    .constdata                               0x0800244c   Section      344  u8x8_d_ssd1306_128x64_noname.o(.constdata)
    u8x8_d_ssd1306_128x64_noname_powersave0_seq 0x0800244c   Data           5  u8x8_d_ssd1306_128x64_noname.o(.constdata)
    u8x8_d_ssd1306_128x64_noname_powersave1_seq 0x08002451   Data           5  u8x8_d_ssd1306_128x64_noname.o(.constdata)
    u8x8_d_ssd1306_128x64_noname_flip0_seq   0x08002456   Data           7  u8x8_d_ssd1306_128x64_noname.o(.constdata)
    u8x8_d_ssd1306_128x64_noname_flip1_seq   0x0800245d   Data           7  u8x8_d_ssd1306_128x64_noname.o(.constdata)
    u8x8_d_ssd1312_128x64_noname_flip0_seq   0x08002464   Data           7  u8x8_d_ssd1306_128x64_noname.o(.constdata)
    u8x8_d_ssd1312_128x64_noname_flip1_seq   0x0800246b   Data           7  u8x8_d_ssd1306_128x64_noname.o(.constdata)
    u8x8_d_ssd1306_128x64_noname_init_seq    0x08002472   Data          53  u8x8_d_ssd1306_128x64_noname.o(.constdata)
    u8x8_d_ssd1306_128x64_vcomh0_init_seq    0x080024a7   Data          53  u8x8_d_ssd1306_128x64_noname.o(.constdata)
    u8x8_d_ssd1306_128x64_alt0_init_seq      0x080024dc   Data          53  u8x8_d_ssd1306_128x64_noname.o(.constdata)
    u8x8_d_sh1106_128x64_winstar_init_seq    0x08002511   Data          45  u8x8_d_ssd1306_128x64_noname.o(.constdata)
    u8x8_d_ssd1312_128x64_noname_init_seq    0x0800253e   Data          53  u8x8_d_ssd1306_128x64_noname.o(.constdata)
    u8x8_ssd1306_128x64_noname_display_info  0x08002574   Data          24  u8x8_d_ssd1306_128x64_noname.o(.constdata)
    u8x8_sh1106_128x64_noname_display_info   0x0800258c   Data          24  u8x8_d_ssd1306_128x64_noname.o(.constdata)
    .constdata                               0x080025a4   Section       12  u8g2_setup.o(.constdata)
    .data                                    0x20000000   Section        6  main.o(.data)
    .data                                    0x20000008   Section       12  stm32f4xx_hal.o(.data)
    .data                                    0x20000014   Section        4  system_stm32f4xx.o(.data)
    .data                                    0x20000018   Section        1  u8g2_port.o(.data)
    buf_idx                                  0x20000018   Data           1  u8g2_port.o(.data)
    .data                                    0x20000019   Section        6  u8x8_cad.o(.data)
    in_transfer                              0x20000019   Data           1  u8x8_cad.o(.data)
    in_transfer                              0x2000001a   Data           1  u8x8_cad.o(.data)
    in_transfer                              0x2000001b   Data           1  u8x8_cad.o(.data)
    is_data                                  0x2000001c   Data           1  u8x8_cad.o(.data)
    in_transfer                              0x2000001d   Data           1  u8x8_cad.o(.data)
    is_data                                  0x2000001e   Data           1  u8x8_cad.o(.data)
    .bss                                     0x20000020   Section     2196  main.o(.bss)
    u8g2_buf                                 0x200000b4   Data        1024  main.o(.bss)
    .bss                                     0x200008b4   Section       84  i2c.o(.bss)
    .bss                                     0x20000908   Section       72  usart.o(.bss)
    .bss                                     0x20000950   Section       32  u8g2_port.o(.bss)
    buffer                                   0x20000950   Data          32  u8g2_port.o(.bss)
    STACK                                    0x20000970   Section     1024  startup_stm32f411xe.o(STACK)

    Global Symbols

    Symbol Name                              Value     Ov Type        Size  Object(Section)

    BuildAttributes$$THM_ISAv4$E$P$D$K$B$S$7EM$VFPi3$EXTD16$VFPS$VFMA$PE$A:L22UL41UL21$X:L11$S22US41US21$IEEE1$IW$USESV6$~STKCKD$USESV7$~SHL$OSPACE$EBA8$MICROLIB$REQ8$PRES8$EABIv2 0x00000000   Number         0  anon$$obj.o ABSOLUTE
    __ARM_use_no_argv                        0x00000000   Number         0  main.o ABSOLUTE
    __cpp_initialize__aeabi_                  - Undefined Weak Reference
    __cxa_finalize                            - Undefined Weak Reference
    __decompress                              - Undefined Weak Reference
    _clock_init                               - Undefined Weak Reference
    _microlib_exit                            - Undefined Weak Reference
    __Vectors_Size                           0x00000198   Number         0  startup_stm32f411xe.o ABSOLUTE
    __Vectors                                0x08000000   Data           4  startup_stm32f411xe.o(RESET)
    __Vectors_End                            0x08000198   Data           0  startup_stm32f411xe.o(RESET)
    __main                                   0x08000199   Thumb Code     0  entry.o(.ARM.Collect$$$$00000000)
    _main_stk                                0x08000199   Thumb Code     0  entry2.o(.ARM.Collect$$$$00000001)
    _main_scatterload                        0x0800019d   Thumb Code     0  entry5.o(.ARM.Collect$$$$00000004)
    __main_after_scatterload                 0x080001a1   Thumb Code     0  entry5.o(.ARM.Collect$$$$00000004)
    _main_clock                              0x080001a1   Thumb Code     0  entry7b.o(.ARM.Collect$$$$00000008)
    _main_cpp_init                           0x080001a1   Thumb Code     0  entry8b.o(.ARM.Collect$$$$0000000A)
    _main_init                               0x080001a1   Thumb Code     0  entry9a.o(.ARM.Collect$$$$0000000B)
    __rt_final_cpp                           0x080001a9   Thumb Code     0  entry10a.o(.ARM.Collect$$$$0000000D)
    __rt_final_exit                          0x080001a9   Thumb Code     0  entry11a.o(.ARM.Collect$$$$0000000F)
    Reset_Handler                            0x080001ad   Thumb Code     8  startup_stm32f411xe.o(.text)
    ADC_IRQHandler                           0x080001c7   Thumb Code     0  startup_stm32f411xe.o(.text)
    DMA1_Stream0_IRQHandler                  0x080001c7   Thumb Code     0  startup_stm32f411xe.o(.text)
    DMA1_Stream1_IRQHandler                  0x080001c7   Thumb Code     0  startup_stm32f411xe.o(.text)
    DMA1_Stream2_IRQHandler                  0x080001c7   Thumb Code     0  startup_stm32f411xe.o(.text)
    DMA1_Stream3_IRQHandler                  0x080001c7   Thumb Code     0  startup_stm32f411xe.o(.text)
    DMA1_Stream4_IRQHandler                  0x080001c7   Thumb Code     0  startup_stm32f411xe.o(.text)
    DMA1_Stream5_IRQHandler                  0x080001c7   Thumb Code     0  startup_stm32f411xe.o(.text)
    DMA1_Stream6_IRQHandler                  0x080001c7   Thumb Code     0  startup_stm32f411xe.o(.text)
    DMA1_Stream7_IRQHandler                  0x080001c7   Thumb Code     0  startup_stm32f411xe.o(.text)
    DMA2_Stream0_IRQHandler                  0x080001c7   Thumb Code     0  startup_stm32f411xe.o(.text)
    DMA2_Stream1_IRQHandler                  0x080001c7   Thumb Code     0  startup_stm32f411xe.o(.text)
    DMA2_Stream2_IRQHandler                  0x080001c7   Thumb Code     0  startup_stm32f411xe.o(.text)
    DMA2_Stream3_IRQHandler                  0x080001c7   Thumb Code     0  startup_stm32f411xe.o(.text)
    DMA2_Stream4_IRQHandler                  0x080001c7   Thumb Code     0  startup_stm32f411xe.o(.text)
    DMA2_Stream5_IRQHandler                  0x080001c7   Thumb Code     0  startup_stm32f411xe.o(.text)
    DMA2_Stream6_IRQHandler                  0x080001c7   Thumb Code     0  startup_stm32f411xe.o(.text)
    DMA2_Stream7_IRQHandler                  0x080001c7   Thumb Code     0  startup_stm32f411xe.o(.text)
    EXTI0_IRQHandler                         0x080001c7   Thumb Code     0  startup_stm32f411xe.o(.text)
    EXTI15_10_IRQHandler                     0x080001c7   Thumb Code     0  startup_stm32f411xe.o(.text)
    EXTI1_IRQHandler                         0x080001c7   Thumb Code     0  startup_stm32f411xe.o(.text)
    EXTI2_IRQHandler                         0x080001c7   Thumb Code     0  startup_stm32f411xe.o(.text)
    EXTI3_IRQHandler                         0x080001c7   Thumb Code     0  startup_stm32f411xe.o(.text)
    EXTI4_IRQHandler                         0x080001c7   Thumb Code     0  startup_stm32f411xe.o(.text)
    EXTI9_5_IRQHandler                       0x080001c7   Thumb Code     0  startup_stm32f411xe.o(.text)
    FLASH_IRQHandler                         0x080001c7   Thumb Code     0  startup_stm32f411xe.o(.text)
    FPU_IRQHandler                           0x080001c7   Thumb Code     0  startup_stm32f411xe.o(.text)
    I2C1_ER_IRQHandler                       0x080001c7   Thumb Code     0  startup_stm32f411xe.o(.text)
    I2C1_EV_IRQHandler                       0x080001c7   Thumb Code     0  startup_stm32f411xe.o(.text)
    I2C2_ER_IRQHandler                       0x080001c7   Thumb Code     0  startup_stm32f411xe.o(.text)
    I2C2_EV_IRQHandler                       0x080001c7   Thumb Code     0  startup_stm32f411xe.o(.text)
    I2C3_ER_IRQHandler                       0x080001c7   Thumb Code     0  startup_stm32f411xe.o(.text)
    I2C3_EV_IRQHandler                       0x080001c7   Thumb Code     0  startup_stm32f411xe.o(.text)
    OTG_FS_IRQHandler                        0x080001c7   Thumb Code     0  startup_stm32f411xe.o(.text)
    OTG_FS_WKUP_IRQHandler                   0x080001c7   Thumb Code     0  startup_stm32f411xe.o(.text)
    PVD_IRQHandler                           0x080001c7   Thumb Code     0  startup_stm32f411xe.o(.text)
    RCC_IRQHandler                           0x080001c7   Thumb Code     0  startup_stm32f411xe.o(.text)
    RTC_Alarm_IRQHandler                     0x080001c7   Thumb Code     0  startup_stm32f411xe.o(.text)
    RTC_WKUP_IRQHandler                      0x080001c7   Thumb Code     0  startup_stm32f411xe.o(.text)
    SDIO_IRQHandler                          0x080001c7   Thumb Code     0  startup_stm32f411xe.o(.text)
    SPI1_IRQHandler                          0x080001c7   Thumb Code     0  startup_stm32f411xe.o(.text)
    SPI2_IRQHandler                          0x080001c7   Thumb Code     0  startup_stm32f411xe.o(.text)
    SPI3_IRQHandler                          0x080001c7   Thumb Code     0  startup_stm32f411xe.o(.text)
    SPI4_IRQHandler                          0x080001c7   Thumb Code     0  startup_stm32f411xe.o(.text)
    SPI5_IRQHandler                          0x080001c7   Thumb Code     0  startup_stm32f411xe.o(.text)
    TAMP_STAMP_IRQHandler                    0x080001c7   Thumb Code     0  startup_stm32f411xe.o(.text)
    TIM1_BRK_TIM9_IRQHandler                 0x080001c7   Thumb Code     0  startup_stm32f411xe.o(.text)
    TIM1_CC_IRQHandler                       0x080001c7   Thumb Code     0  startup_stm32f411xe.o(.text)
    TIM1_TRG_COM_TIM11_IRQHandler            0x080001c7   Thumb Code     0  startup_stm32f411xe.o(.text)
    TIM1_UP_TIM10_IRQHandler                 0x080001c7   Thumb Code     0  startup_stm32f411xe.o(.text)
    TIM2_IRQHandler                          0x080001c7   Thumb Code     0  startup_stm32f411xe.o(.text)
    TIM3_IRQHandler                          0x080001c7   Thumb Code     0  startup_stm32f411xe.o(.text)
    TIM4_IRQHandler                          0x080001c7   Thumb Code     0  startup_stm32f411xe.o(.text)
    TIM5_IRQHandler                          0x080001c7   Thumb Code     0  startup_stm32f411xe.o(.text)
    USART2_IRQHandler                        0x080001c7   Thumb Code     0  startup_stm32f411xe.o(.text)
    USART6_IRQHandler                        0x080001c7   Thumb Code     0  startup_stm32f411xe.o(.text)
    WWDG_IRQHandler                          0x080001c7   Thumb Code     0  startup_stm32f411xe.o(.text)
    __aeabi_uldivmod                         0x080001d1   Thumb Code    98  uldiv.o(.text)
    __aeabi_memset                           0x08000233   Thumb Code    14  memseta.o(.text)
    __aeabi_memset4                          0x08000233   Thumb Code     0  memseta.o(.text)
    __aeabi_memset8                          0x08000233   Thumb Code     0  memseta.o(.text)
    __aeabi_memclr                           0x08000241   Thumb Code     4  memseta.o(.text)
    __aeabi_memclr4                          0x08000241   Thumb Code     0  memseta.o(.text)
    __aeabi_memclr8                          0x08000241   Thumb Code     0  memseta.o(.text)
    _memset$wrapper                          0x08000245   Thumb Code    18  memseta.o(.text)
    __aeabi_llsl                             0x08000257   Thumb Code    30  llshl.o(.text)
    _ll_shift_l                              0x08000257   Thumb Code     0  llshl.o(.text)
    __aeabi_llsr                             0x08000275   Thumb Code    32  llushr.o(.text)
    _ll_ushift_r                             0x08000275   Thumb Code     0  llushr.o(.text)
    __scatterload                            0x08000295   Thumb Code    28  init.o(.text)
    __scatterload_rt2                        0x08000295   Thumb Code     0  init.o(.text)
    BusFault_Handler                         0x080002b9   Thumb Code     2  stm32f4xx_it.o(i.BusFault_Handler)
    DebugMon_Handler                         0x080002bb   Thumb Code     2  stm32f4xx_it.o(i.DebugMon_Handler)
    Error_Handler                            0x080002bd   Thumb Code     4  main.o(i.Error_Handler)
    HAL_DMA_Abort                            0x080002c1   Thumb Code   146  stm32f4xx_hal_dma.o(i.HAL_DMA_Abort)
    HAL_DMA_Abort_IT                         0x08000353   Thumb Code    36  stm32f4xx_hal_dma.o(i.HAL_DMA_Abort_IT)
    HAL_Delay                                0x08000379   Thumb Code    32  stm32f4xx_hal.o(i.HAL_Delay)
    HAL_GPIO_Init                            0x0800039d   Thumb Code   446  stm32f4xx_hal_gpio.o(i.HAL_GPIO_Init)
    HAL_GPIO_WritePin                        0x0800057d   Thumb Code    10  stm32f4xx_hal_gpio.o(i.HAL_GPIO_WritePin)
    HAL_GetTick                              0x08000589   Thumb Code     6  stm32f4xx_hal.o(i.HAL_GetTick)
    HAL_I2C_Init                             0x08000595   Thumb Code   376  stm32f4xx_hal_i2c.o(i.HAL_I2C_Init)
    HAL_I2C_Master_Transmit                  0x0800071d   Thumb Code   290  stm32f4xx_hal_i2c.o(i.HAL_I2C_Master_Transmit)
    HAL_I2C_MspInit                          0x08000849   Thumb Code    92  i2c.o(i.HAL_I2C_MspInit)
    HAL_IncTick                              0x080008b1   Thumb Code    12  stm32f4xx_hal.o(i.HAL_IncTick)
    HAL_Init                                 0x080008c1   Thumb Code    48  stm32f4xx_hal.o(i.HAL_Init)
    HAL_InitTick                             0x080008f5   Thumb Code    54  stm32f4xx_hal.o(i.HAL_InitTick)
    HAL_MspInit                              0x08000935   Thumb Code    42  stm32f4xx_hal_msp.o(i.HAL_MspInit)
    HAL_NVIC_EnableIRQ                       0x08000965   Thumb Code    26  stm32f4xx_hal_cortex.o(i.HAL_NVIC_EnableIRQ)
    HAL_NVIC_SetPriority                     0x08000981   Thumb Code    60  stm32f4xx_hal_cortex.o(i.HAL_NVIC_SetPriority)
    HAL_NVIC_SetPriorityGrouping             0x080009c1   Thumb Code    26  stm32f4xx_hal_cortex.o(i.HAL_NVIC_SetPriorityGrouping)
    HAL_RCC_ClockConfig                      0x080009e5   Thumb Code   288  stm32f4xx_hal_rcc.o(i.HAL_RCC_ClockConfig)
    HAL_RCC_GetPCLK1Freq                     0x08000b19   Thumb Code    20  stm32f4xx_hal_rcc.o(i.HAL_RCC_GetPCLK1Freq)
    HAL_RCC_GetPCLK2Freq                     0x08000b39   Thumb Code    20  stm32f4xx_hal_rcc.o(i.HAL_RCC_GetPCLK2Freq)
    HAL_RCC_GetSysClockFreq                  0x08000b59   Thumb Code    88  stm32f4xx_hal_rcc.o(i.HAL_RCC_GetSysClockFreq)
    HAL_RCC_OscConfig                        0x08000bbd   Thumb Code   856  stm32f4xx_hal_rcc.o(i.HAL_RCC_OscConfig)
    HAL_SYSTICK_Config                       0x08000f29   Thumb Code    40  stm32f4xx_hal_cortex.o(i.HAL_SYSTICK_Config)
    HAL_UARTEx_RxEventCallback               0x08000f51   Thumb Code     2  stm32f4xx_hal_uart.o(i.HAL_UARTEx_RxEventCallback)
    HAL_UART_ErrorCallback                   0x08000f53   Thumb Code     2  stm32f4xx_hal_uart.o(i.HAL_UART_ErrorCallback)
    HAL_UART_IRQHandler                      0x08000f55   Thumb Code   636  stm32f4xx_hal_uart.o(i.HAL_UART_IRQHandler)
    HAL_UART_Init                            0x080011d5   Thumb Code   100  stm32f4xx_hal_uart.o(i.HAL_UART_Init)
    HAL_UART_MspInit                         0x08001239   Thumb Code   110  usart.o(i.HAL_UART_MspInit)
    HAL_UART_Receive_IT                      0x080012b5   Thumb Code    28  stm32f4xx_hal_uart.o(i.HAL_UART_Receive_IT)
    HAL_UART_RxCpltCallback                  0x080012d1   Thumb Code    88  main.o(i.HAL_UART_RxCpltCallback)
    HAL_UART_TxCpltCallback                  0x08001339   Thumb Code     2  stm32f4xx_hal_uart.o(i.HAL_UART_TxCpltCallback)
    HardFault_Handler                        0x0800133b   Thumb Code     2  stm32f4xx_it.o(i.HardFault_Handler)
    MX_GPIO_Init                             0x08001605   Thumb Code   116  gpio.o(i.MX_GPIO_Init)
    MX_I2C1_Init                             0x08001681   Thumb Code    50  i2c.o(i.MX_I2C1_Init)
    MX_USART1_UART_Init                      0x080016c1   Thumb Code    48  usart.o(i.MX_USART1_UART_Init)
    MemManage_Handler                        0x080016f9   Thumb Code     2  stm32f4xx_it.o(i.MemManage_Handler)
    NMI_Handler                              0x080016fb   Thumb Code     2  stm32f4xx_it.o(i.NMI_Handler)
    PendSV_Handler                           0x080016fd   Thumb Code     2  stm32f4xx_it.o(i.PendSV_Handler)
    SVC_Handler                              0x080016ff   Thumb Code     2  stm32f4xx_it.o(i.SVC_Handler)
    SysTick_Handler                          0x08001701   Thumb Code     4  stm32f4xx_it.o(i.SysTick_Handler)
    SystemClock_Config                       0x08001705   Thumb Code   136  main.o(i.SystemClock_Config)
    SystemInit                               0x08001795   Thumb Code    12  system_stm32f4xx.o(i.SystemInit)
    UART_Start_Receive_IT                    0x080019d1   Thumb Code    54  stm32f4xx_hal_uart.o(i.UART_Start_Receive_IT)
    USART1_IRQHandler                        0x08001a09   Thumb Code     6  stm32f4xx_it.o(i.USART1_IRQHandler)
    UsageFault_Handler                       0x08001a15   Thumb Code     2  stm32f4xx_it.o(i.UsageFault_Handler)
    __scatterload_copy                       0x08001a37   Thumb Code    14  handlers.o(i.__scatterload_copy)
    __scatterload_null                       0x08001a45   Thumb Code     2  handlers.o(i.__scatterload_null)
    __scatterload_zeroinit                   0x08001a47   Thumb Code    14  handlers.o(i.__scatterload_zeroinit)
    main                                     0x08001a55   Thumb Code   138  main.o(i.main)
    u8g2_ClearBuffer                         0x08001b09   Thumb Code    20  u8g2_buffer.o(i.u8g2_ClearBuffer)
    u8g2_DrawHVLine                          0x08001b1d   Thumb Code   172  u8g2_hvline.o(i.u8g2_DrawHVLine)
    u8g2_DrawHXBM                            0x08001bc9   Thumb Code   172  u8g2_bitmap.o(i.u8g2_DrawHXBM)
    u8g2_DrawXBM                             0x08001c75   Thumb Code    76  u8g2_bitmap.o(i.u8g2_DrawXBM)
    u8g2_IsIntersection                      0x08001cc1   Thumb Code    48  u8g2_intersection.o(i.u8g2_IsIntersection)
    u8g2_SendBuffer                          0x08001cf1   Thumb Code    18  u8g2_buffer.o(i.u8g2_SendBuffer)
    u8g2_SetFontPosBaseline                  0x08001d05   Thumb Code     6  u8g2_font.o(i.u8g2_SetFontPosBaseline)
    u8g2_SetMaxClipWindow                    0x08001d11   Thumb Code    28  u8g2_setup.o(i.u8g2_SetMaxClipWindow)
    u8g2_SetupBuffer                         0x08001d2d   Thumb Code    70  u8g2_setup.o(i.u8g2_SetupBuffer)
    u8g2_draw_hv_line_2dir                   0x08001e1d   Thumb Code    18  u8g2_hvline.o(i.u8g2_draw_hv_line_2dir)
    u8g2_draw_l90_r0                         0x08001e2f   Thumb Code    12  u8g2_setup.o(i.u8g2_draw_l90_r0)
    u8g2_font_calc_vref_font                 0x08001e3b   Thumb Code     4  u8g2_font.o(i.u8g2_font_calc_vref_font)
    u8g2_is_intersection_decision_tree       0x08001e3f   Thumb Code    24  u8g2_intersection.o(i.u8g2_is_intersection_decision_tree)
    u8g2_ll_hvline_vertical_top_lsb          0x08001e59   Thumb Code   144  u8g2_ll_hvline.o(i.u8g2_ll_hvline_vertical_top_lsb)
    u8g2_update_dimension_r0                 0x08001f7d   Thumb Code     4  u8g2_setup.o(i.u8g2_update_dimension_r0)
    u8g2_update_page_win_r0                  0x08001f81   Thumb Code    34  u8g2_setup.o(i.u8g2_update_page_win_r0)
    u8x8_DrawTile                            0x08001fa3   Thumb Code    30  u8x8_display.o(i.u8x8_DrawTile)
    u8x8_InitDisplay                         0x08001fc1   Thumb Code    16  u8x8_display.o(i.u8x8_InitDisplay)
    u8x8_RefreshDisplay                      0x08001fd1   Thumb Code    16  u8x8_display.o(i.u8x8_RefreshDisplay)
    u8x8_SetPowerSave                        0x08001fe1   Thumb Code    16  u8x8_display.o(i.u8x8_SetPowerSave)
    u8x8_Setup                               0x08001ff1   Thumb Code    34  u8x8_setup.o(i.u8x8_Setup)
    u8x8_SetupDefaults                       0x08002015   Thumb Code    32  u8x8_setup.o(i.u8x8_SetupDefaults)
    u8x8_SetupMemory                         0x08002039   Thumb Code    16  u8x8_display.o(i.u8x8_SetupMemory)
    u8x8_byte_EndTransfer                    0x08002049   Thumb Code    16  u8x8_byte.o(i.u8x8_byte_EndTransfer)
    u8x8_byte_SendByte                       0x08002059   Thumb Code    14  u8x8_byte.o(i.u8x8_byte_SendByte)
    u8x8_byte_StartTransfer                  0x08002067   Thumb Code    16  u8x8_byte.o(i.u8x8_byte_StartTransfer)
    u8x8_byte_stm32_hw_i2c                   0x08002079   Thumb Code    86  u8g2_port.o(i.u8x8_byte_stm32_hw_i2c)
    u8x8_cad_EndTransfer                     0x080020dd   Thumb Code    16  u8x8_cad.o(i.u8x8_cad_EndTransfer)
    u8x8_cad_SendArg                         0x080020ed   Thumb Code    16  u8x8_cad.o(i.u8x8_cad_SendArg)
    u8x8_cad_SendCmd                         0x080020fd   Thumb Code    16  u8x8_cad.o(i.u8x8_cad_SendCmd)
    u8x8_cad_SendData                        0x0800210d   Thumb Code    16  u8x8_cad.o(i.u8x8_cad_SendData)
    u8x8_cad_SendSequence                    0x0800211d   Thumb Code   104  u8x8_cad.o(i.u8x8_cad_SendSequence)
    u8x8_cad_StartTransfer                   0x08002185   Thumb Code    16  u8x8_cad.o(i.u8x8_cad_StartTransfer)
    u8x8_cad_ssd13xx_fast_i2c                0x08002195   Thumb Code   182  u8x8_cad.o(i.u8x8_cad_ssd13xx_fast_i2c)
    u8x8_d_helper_display_init               0x08002251   Thumb Code    96  u8x8_display.o(i.u8x8_d_helper_display_init)
    u8x8_d_helper_display_setup_memory       0x080022b1   Thumb Code    10  u8x8_display.o(i.u8x8_d_helper_display_setup_memory)
    u8x8_d_ssd1306_128x64_noname             0x080022bd   Thumb Code    52  u8x8_d_ssd1306_128x64_noname.o(i.u8x8_d_ssd1306_128x64_noname)
    u8x8_dummy_cb                            0x080023c1   Thumb Code     4  u8x8_setup.o(i.u8x8_dummy_cb)
    u8x8_gpio_and_delay_stm32                0x080023c5   Thumb Code    54  u8g2_port.o(i.u8x8_gpio_and_delay_stm32)
    u8x8_gpio_call                           0x080023fb   Thumb Code    12  u8x8_gpio.o(i.u8x8_gpio_call)
    AHBPrescTable                            0x08002432   Data          16  system_stm32f4xx.o(.constdata)
    APBPrescTable                            0x08002442   Data           8  system_stm32f4xx.o(.constdata)
    u8g2_cb_r0                               0x080025a4   Data          12  u8g2_setup.o(.constdata)
    Region$$Table$$Base                      0x080025b0   Number         0  anon$$obj.o(Region$$Table)
    Region$$Table$$Limit                     0x080025d0   Number         0  anon$$obj.o(Region$$Table)
    frame_ready                              0x20000000   Data           1  main.o(.data)
    rx_state                                 0x20000001   Data           1  main.o(.data)
    rx_byte                                  0x20000002   Data           1  main.o(.data)
    img_idx                                  0x20000004   Data           2  main.o(.data)
    uwTickFreq                               0x20000008   Data           1  stm32f4xx_hal.o(.data)
    uwTickPrio                               0x2000000c   Data           4  stm32f4xx_hal.o(.data)
    uwTick                                   0x20000010   Data           4  stm32f4xx_hal.o(.data)
    SystemCoreClock                          0x20000014   Data           4  system_stm32f4xx.o(.data)
    u8g2                                     0x20000020   Data         148  main.o(.bss)
    img_buffer                               0x200004b4   Data        1024  main.o(.bss)
    hi2c1                                    0x200008b4   Data          84  i2c.o(.bss)
    huart1                                   0x20000908   Data          72  usart.o(.bss)
    __initial_sp                             0x20000d70   Data           0  startup_stm32f411xe.o(STACK)



==============================================================================

Memory Map of the image

  Image Entry point : 0x08000199

  Load Region LR_IROM1 (Base: 0x08000000, Size: 0x000025f0, Max: 0x00080000, ABSOLUTE)

    Execution Region ER_IROM1 (Exec base: 0x08000000, Load base: 0x08000000, Size: 0x000025d0, Max: 0x00080000, ABSOLUTE)

    Exec Addr    Load Addr    Size         Type   Attr      Idx    E Section Name        Object

    0x08000000   0x08000000   0x00000198   Data   RO            3    RESET               startup_stm32f411xe.o
    0x08000198   0x08000198   0x00000000   Code   RO         6515  * .ARM.Collect$$$$00000000  mc_w.l(entry.o)
    0x08000198   0x08000198   0x00000004   Code   RO         6526    .ARM.Collect$$$$00000001  mc_w.l(entry2.o)
    0x0800019c   0x0800019c   0x00000004   Code   RO         6529    .ARM.Collect$$$$00000004  mc_w.l(entry5.o)
    0x080001a0   0x080001a0   0x00000000   Code   RO         6531    .ARM.Collect$$$$00000008  mc_w.l(entry7b.o)
    0x080001a0   0x080001a0   0x00000000   Code   RO         6533    .ARM.Collect$$$$0000000A  mc_w.l(entry8b.o)
    0x080001a0   0x080001a0   0x00000008   Code   RO         6534    .ARM.Collect$$$$0000000B  mc_w.l(entry9a.o)
    0x080001a8   0x080001a8   0x00000000   Code   RO         6536    .ARM.Collect$$$$0000000D  mc_w.l(entry10a.o)
    0x080001a8   0x080001a8   0x00000000   Code   RO         6538    .ARM.Collect$$$$0000000F  mc_w.l(entry11a.o)
    0x080001a8   0x080001a8   0x00000004   Code   RO         6527    .ARM.Collect$$$$00002712  mc_w.l(entry2.o)
    0x080001ac   0x080001ac   0x00000024   Code   RO            4    .text               startup_stm32f411xe.o
    0x080001d0   0x080001d0   0x00000062   Code   RO         6518    .text               mc_w.l(uldiv.o)
    0x08000232   0x08000232   0x00000024   Code   RO         6522    .text               mc_w.l(memseta.o)
    0x08000256   0x08000256   0x0000001e   Code   RO         6540    .text               mc_w.l(llshl.o)
    0x08000274   0x08000274   0x00000020   Code   RO         6542    .text               mc_w.l(llushr.o)
    0x08000294   0x08000294   0x00000024   Code   RO         6544    .text               mc_w.l(init.o)
    0x080002b8   0x080002b8   0x00000002   Code   RO          289    i.BusFault_Handler  stm32f4xx_it.o
    0x080002ba   0x080002ba   0x00000002   Code   RO          290    i.DebugMon_Handler  stm32f4xx_it.o
    0x080002bc   0x080002bc   0x00000004   Code   RO           13    i.Error_Handler     main.o
    0x080002c0   0x080002c0   0x00000092   Code   RO         1378    i.HAL_DMA_Abort     stm32f4xx_hal_dma.o
    0x08000352   0x08000352   0x00000024   Code   RO         1379    i.HAL_DMA_Abort_IT  stm32f4xx_hal_dma.o
    0x08000376   0x08000376   0x00000002   PAD
    0x08000378   0x08000378   0x00000024   Code   RO         1839    i.HAL_Delay         stm32f4xx_hal.o
    0x0800039c   0x0800039c   0x000001e0   Code   RO         1271    i.HAL_GPIO_Init     stm32f4xx_hal_gpio.o
    0x0800057c   0x0800057c   0x0000000a   Code   RO         1275    i.HAL_GPIO_WritePin  stm32f4xx_hal_gpio.o
    0x08000586   0x08000586   0x00000002   PAD
    0x08000588   0x08000588   0x0000000c   Code   RO         1845    i.HAL_GetTick       stm32f4xx_hal.o
    0x08000594   0x08000594   0x00000188   Code   RO          406    i.HAL_I2C_Init      stm32f4xx_hal_i2c.o
    0x0800071c   0x0800071c   0x0000012c   Code   RO          419    i.HAL_I2C_Master_Transmit  stm32f4xx_hal_i2c.o
    0x08000848   0x08000848   0x00000068   Code   RO          206    i.HAL_I2C_MspInit   i2c.o
    0x080008b0   0x080008b0   0x00000010   Code   RO         1851    i.HAL_IncTick       stm32f4xx_hal.o
    0x080008c0   0x080008c0   0x00000034   Code   RO         1852    i.HAL_Init          stm32f4xx_hal.o
    0x080008f4   0x080008f4   0x00000040   Code   RO         1853    i.HAL_InitTick      stm32f4xx_hal.o
    0x08000934   0x08000934   0x00000030   Code   RO          371    i.HAL_MspInit       stm32f4xx_hal_msp.o
    0x08000964   0x08000964   0x0000001a   Code   RO         1687    i.HAL_NVIC_EnableIRQ  stm32f4xx_hal_cortex.o
    0x0800097e   0x0800097e   0x00000002   PAD
    0x08000980   0x08000980   0x00000040   Code   RO         1693    i.HAL_NVIC_SetPriority  stm32f4xx_hal_cortex.o
    0x080009c0   0x080009c0   0x00000024   Code   RO         1694    i.HAL_NVIC_SetPriorityGrouping  stm32f4xx_hal_cortex.o
    0x080009e4   0x080009e4   0x00000134   Code   RO          863    i.HAL_RCC_ClockConfig  stm32f4xx_hal_rcc.o
    0x08000b18   0x08000b18   0x00000020   Code   RO          870    i.HAL_RCC_GetPCLK1Freq  stm32f4xx_hal_rcc.o
    0x08000b38   0x08000b38   0x00000020   Code   RO          871    i.HAL_RCC_GetPCLK2Freq  stm32f4xx_hal_rcc.o
    0x08000b58   0x08000b58   0x00000064   Code   RO          872    i.HAL_RCC_GetSysClockFreq  stm32f4xx_hal_rcc.o
    0x08000bbc   0x08000bbc   0x0000036c   Code   RO          875    i.HAL_RCC_OscConfig  stm32f4xx_hal_rcc.o
    0x08000f28   0x08000f28   0x00000028   Code   RO         1698    i.HAL_SYSTICK_Config  stm32f4xx_hal_cortex.o
    0x08000f50   0x08000f50   0x00000002   Code   RO         2102    i.HAL_UARTEx_RxEventCallback  stm32f4xx_hal_uart.o
    0x08000f52   0x08000f52   0x00000002   Code   RO         2116    i.HAL_UART_ErrorCallback  stm32f4xx_hal_uart.o
    0x08000f54   0x08000f54   0x00000280   Code   RO         2119    i.HAL_UART_IRQHandler  stm32f4xx_hal_uart.o
    0x080011d4   0x080011d4   0x00000064   Code   RO         2120    i.HAL_UART_Init     stm32f4xx_hal_uart.o
    0x08001238   0x08001238   0x0000007c   Code   RO          248    i.HAL_UART_MspInit  usart.o
    0x080012b4   0x080012b4   0x0000001c   Code   RO         2125    i.HAL_UART_Receive_IT  stm32f4xx_hal_uart.o
    0x080012d0   0x080012d0   0x00000068   Code   RO           14    i.HAL_UART_RxCpltCallback  main.o
    0x08001338   0x08001338   0x00000002   Code   RO         2131    i.HAL_UART_TxCpltCallback  stm32f4xx_hal_uart.o
    0x0800133a   0x0800133a   0x00000002   Code   RO          291    i.HardFault_Handler  stm32f4xx_it.o
    0x0800133c   0x0800133c   0x0000002e   Code   RO          449    i.I2C_IsAcknowledgeFailed  stm32f4xx_hal_i2c.o
    0x0800136a   0x0800136a   0x00000002   PAD
    0x0800136c   0x0800136c   0x0000009c   Code   RO          453    i.I2C_MasterRequestWrite  stm32f4xx_hal_i2c.o
    0x08001408   0x08001408   0x00000056   Code   RO          464    i.I2C_WaitOnBTFFlagUntilTimeout  stm32f4xx_hal_i2c.o
    0x0800145e   0x0800145e   0x00000002   PAD
    0x08001460   0x08001460   0x00000090   Code   RO          465    i.I2C_WaitOnFlagUntilTimeout  stm32f4xx_hal_i2c.o
    0x080014f0   0x080014f0   0x000000bc   Code   RO          466    i.I2C_WaitOnMasterAddressFlagUntilTimeout  stm32f4xx_hal_i2c.o
    0x080015ac   0x080015ac   0x00000056   Code   RO          468    i.I2C_WaitOnTXEFlagUntilTimeout  stm32f4xx_hal_i2c.o
    0x08001602   0x08001602   0x00000002   PAD
    0x08001604   0x08001604   0x0000007c   Code   RO          181    i.MX_GPIO_Init      gpio.o
    0x08001680   0x08001680   0x00000040   Code   RO          207    i.MX_I2C1_Init      i2c.o
    0x080016c0   0x080016c0   0x00000038   Code   RO          249    i.MX_USART1_UART_Init  usart.o
    0x080016f8   0x080016f8   0x00000002   Code   RO          292    i.MemManage_Handler  stm32f4xx_it.o
    0x080016fa   0x080016fa   0x00000002   Code   RO          293    i.NMI_Handler       stm32f4xx_it.o
    0x080016fc   0x080016fc   0x00000002   Code   RO          294    i.PendSV_Handler    stm32f4xx_it.o
    0x080016fe   0x080016fe   0x00000002   Code   RO          295    i.SVC_Handler       stm32f4xx_it.o
    0x08001700   0x08001700   0x00000004   Code   RO          296    i.SysTick_Handler   stm32f4xx_it.o
    0x08001704   0x08001704   0x00000090   Code   RO           15    i.SystemClock_Config  main.o
    0x08001794   0x08001794   0x00000010   Code   RO         2454    i.SystemInit        system_stm32f4xx.o
    0x080017a4   0x080017a4   0x0000000e   Code   RO         2133    i.UART_DMAAbortOnError  stm32f4xx_hal_uart.o
    0x080017b2   0x080017b2   0x0000004e   Code   RO         2143    i.UART_EndRxTransfer  stm32f4xx_hal_uart.o
    0x08001800   0x08001800   0x000000c2   Code   RO         2145    i.UART_Receive_IT   stm32f4xx_hal_uart.o
    0x080018c2   0x080018c2   0x00000002   PAD
    0x080018c4   0x080018c4   0x0000010c   Code   RO         2146    i.UART_SetConfig    stm32f4xx_hal_uart.o
    0x080019d0   0x080019d0   0x00000036   Code   RO         2148    i.UART_Start_Receive_IT  stm32f4xx_hal_uart.o
    0x08001a06   0x08001a06   0x00000002   PAD
    0x08001a08   0x08001a08   0x0000000c   Code   RO          297    i.USART1_IRQHandler  stm32f4xx_it.o
    0x08001a14   0x08001a14   0x00000002   Code   RO          298    i.UsageFault_Handler  stm32f4xx_it.o
    0x08001a16   0x08001a16   0x00000020   Code   RO         1700    i.__NVIC_SetPriority  stm32f4xx_hal_cortex.o
    0x08001a36   0x08001a36   0x0000000e   Code   RO         6548    i.__scatterload_copy  mc_w.l(handlers.o)
    0x08001a44   0x08001a44   0x00000002   Code   RO         6549    i.__scatterload_null  mc_w.l(handlers.o)
    0x08001a46   0x08001a46   0x0000000e   Code   RO         6550    i.__scatterload_zeroinit  mc_w.l(handlers.o)
    0x08001a54   0x08001a54   0x000000b4   Code   RO           16    i.main              main.o
    0x08001b08   0x08001b08   0x00000014   Code   RO         2598    i.u8g2_ClearBuffer  u8g2_buffer.o
    0x08001b1c   0x08001b1c   0x000000ac   Code   RO         5145    i.u8g2_DrawHVLine   u8g2_hvline.o
    0x08001bc8   0x08001bc8   0x000000ac   Code   RO         6460    i.u8g2_DrawHXBM     u8g2_bitmap.o
    0x08001c74   0x08001c74   0x0000004c   Code   RO         6463    i.u8g2_DrawXBM      u8g2_bitmap.o
    0x08001cc0   0x08001cc0   0x00000030   Code   RO         5206    i.u8g2_IsIntersection  u8g2_intersection.o
    0x08001cf0   0x08001cf0   0x00000012   Code   RO         2601    i.u8g2_SendBuffer   u8g2_buffer.o
    0x08001d02   0x08001d02   0x00000002   PAD
    0x08001d04   0x08001d04   0x0000000c   Code   RO         2803    i.u8g2_SetFontPosBaseline  u8g2_font.o
    0x08001d10   0x08001d10   0x0000001c   Code   RO         5394    i.u8g2_SetMaxClipWindow  u8g2_setup.o
    0x08001d2c   0x08001d2c   0x00000046   Code   RO         5395    i.u8g2_SetupBuffer  u8g2_setup.o
    0x08001d72   0x08001d72   0x0000006e   Code   RO         5397    i.u8g2_apply_clip_window  u8g2_setup.o
    0x08001de0   0x08001de0   0x0000003c   Code   RO         5149    i.u8g2_clip_intersection2  u8g2_hvline.o
    0x08001e1c   0x08001e1c   0x00000012   Code   RO         5150    i.u8g2_draw_hv_line_2dir  u8g2_hvline.o
    0x08001e2e   0x08001e2e   0x0000000c   Code   RO         5399    i.u8g2_draw_l90_r0  u8g2_setup.o
    0x08001e3a   0x08001e3a   0x00000004   Code   RO         2819    i.u8g2_font_calc_vref_font  u8g2_font.o
    0x08001e3e   0x08001e3e   0x00000018   Code   RO         5207    i.u8g2_is_intersection_decision_tree  u8g2_intersection.o
    0x08001e56   0x08001e56   0x00000002   PAD
    0x08001e58   0x08001e58   0x00000090   Code   RO         5255    i.u8g2_ll_hvline_vertical_top_lsb  u8g2_ll_hvline.o
    0x08001ee8   0x08001ee8   0x0000004e   Code   RO         2609    i.u8g2_send_buffer  u8g2_buffer.o
    0x08001f36   0x08001f36   0x00000046   Code   RO         5404    i.u8g2_update_dimension_common  u8g2_setup.o
    0x08001f7c   0x08001f7c   0x00000004   Code   RO         5405    i.u8g2_update_dimension_r0  u8g2_setup.o
    0x08001f80   0x08001f80   0x00000022   Code   RO         5409    i.u8g2_update_page_win_r0  u8g2_setup.o
    0x08001fa2   0x08001fa2   0x0000001e   Code   RO         5555    i.u8x8_DrawTile     u8x8_display.o
    0x08001fc0   0x08001fc0   0x00000010   Code   RO         5557    i.u8x8_InitDisplay  u8x8_display.o
    0x08001fd0   0x08001fd0   0x00000010   Code   RO         5559    i.u8x8_RefreshDisplay  u8x8_display.o
    0x08001fe0   0x08001fe0   0x00000010   Code   RO         5562    i.u8x8_SetPowerSave  u8x8_display.o
    0x08001ff0   0x08001ff0   0x00000022   Code   RO         5861    i.u8x8_Setup        u8x8_setup.o
    0x08002012   0x08002012   0x00000002   PAD
    0x08002014   0x08002014   0x00000024   Code   RO         5862    i.u8x8_SetupDefaults  u8x8_setup.o
    0x08002038   0x08002038   0x00000010   Code   RO         5563    i.u8x8_SetupMemory  u8x8_display.o
    0x08002048   0x08002048   0x00000010   Code   RO         6155    i.u8x8_byte_EndTransfer  u8x8_byte.o
    0x08002058   0x08002058   0x0000000e   Code   RO         6156    i.u8x8_byte_SendByte  u8x8_byte.o
    0x08002066   0x08002066   0x00000010   Code   RO         6159    i.u8x8_byte_StartTransfer  u8x8_byte.o
    0x08002076   0x08002076   0x00000002   PAD
    0x08002078   0x08002078   0x00000064   Code   RO         5989    i.u8x8_byte_stm32_hw_i2c  u8g2_port.o
    0x080020dc   0x080020dc   0x00000010   Code   RO         6276    i.u8x8_cad_EndTransfer  u8x8_cad.o
    0x080020ec   0x080020ec   0x00000010   Code   RO         6277    i.u8x8_cad_SendArg  u8x8_cad.o
    0x080020fc   0x080020fc   0x00000010   Code   RO         6278    i.u8x8_cad_SendCmd  u8x8_cad.o
    0x0800210c   0x0800210c   0x00000010   Code   RO         6279    i.u8x8_cad_SendData  u8x8_cad.o
    0x0800211c   0x0800211c   0x00000068   Code   RO         6281    i.u8x8_cad_SendSequence  u8x8_cad.o
    0x08002184   0x08002184   0x00000010   Code   RO         6282    i.u8x8_cad_StartTransfer  u8x8_cad.o
    0x08002194   0x08002194   0x000000bc   Code   RO         6285    i.u8x8_cad_ssd13xx_fast_i2c  u8x8_cad.o
    0x08002250   0x08002250   0x00000060   Code   RO         5564    i.u8x8_d_helper_display_init  u8x8_display.o
    0x080022b0   0x080022b0   0x0000000a   Code   RO         5565    i.u8x8_d_helper_display_setup_memory  u8x8_display.o
    0x080022ba   0x080022ba   0x00000002   PAD
    0x080022bc   0x080022bc   0x0000003c   Code   RO         2492    i.u8x8_d_ssd1306_128x64_noname  u8x8_d_ssd1306_128x64_noname.o
    0x080022f8   0x080022f8   0x000000c8   Code   RO         2494    i.u8x8_d_ssd1306_sh1106_generic  u8x8_d_ssd1306_128x64_noname.o
    0x080023c0   0x080023c0   0x00000004   Code   RO         5864    i.u8x8_dummy_cb     u8x8_setup.o
    0x080023c4   0x080023c4   0x00000036   Code   RO         5990    i.u8x8_gpio_and_delay_stm32  u8g2_port.o
    0x080023fa   0x080023fa   0x0000000c   Code   RO         5783    i.u8x8_gpio_call    u8x8_gpio.o
    0x08002406   0x08002406   0x0000002c   Code   RO         6293    i.u8x8_i2c_data_transfer  u8x8_cad.o
    0x08002432   0x08002432   0x00000010   Data   RO         2455    .constdata          system_stm32f4xx.o
    0x08002442   0x08002442   0x00000008   Data   RO         2456    .constdata          system_stm32f4xx.o
    0x0800244a   0x0800244a   0x00000002   PAD
    0x0800244c   0x0800244c   0x00000158   Data   RO         2496    .constdata          u8x8_d_ssd1306_128x64_noname.o
    0x080025a4   0x080025a4   0x0000000c   Data   RO         5413    .constdata          u8g2_setup.o
    0x080025b0   0x080025b0   0x00000020   Data   RO         6546    Region$$Table       anon$$obj.o


    Execution Region RW_IRAM1 (Exec base: 0x20000000, Load base: 0x080025d0, Size: 0x00000d70, Max: 0x00020000, ABSOLUTE)

    Exec Addr    Load Addr    Size         Type   Attr      Idx    E Section Name        Object

    0x20000000   0x080025d0   0x00000006   Data   RW           18    .data               main.o
    0x20000006   0x080025d6   0x00000002   PAD
    0x20000008   0x080025d8   0x0000000c   Data   RW         1859    .data               stm32f4xx_hal.o
    0x20000014   0x080025e4   0x00000004   Data   RW         2457    .data               system_stm32f4xx.o
    0x20000018   0x080025e8   0x00000001   Data   RW         5992    .data               u8g2_port.o
    0x20000019   0x080025e9   0x00000006   Data   RW         6295    .data               u8x8_cad.o
    0x2000001f   0x080025ef   0x00000001   PAD
    0x20000020        -       0x00000894   Zero   RW           17    .bss                main.o
    0x200008b4        -       0x00000054   Zero   RW          208    .bss                i2c.o
    0x20000908        -       0x00000048   Zero   RW          250    .bss                usart.o
    0x20000950        -       0x00000020   Zero   RW         5991    .bss                u8g2_port.o
    0x20000970        -       0x00000400   Zero   RW            1    STACK               startup_stm32f411xe.o


==============================================================================

Image component sizes


      Code (inc. data)   RO Data    RW Data    ZI Data      Debug   Object Name

       124          8          0          0          0        931   gpio.o
       168         26          0          0         84       1629   i2c.o
       432         66          0          6       2196     564704   main.o
        36          8        408          0       1024        824   startup_stm32f411xe.o
       180         28          0         12          0       9173   stm32f4xx_hal.o
       198         14          0          0          0      33751   stm32f4xx_hal_cortex.o
       182          0          0          0          0       2063   stm32f4xx_hal_dma.o
       490         34          0          0          0       2132   stm32f4xx_hal_gpio.o
      1398         32          0          0          0       9257   stm32f4xx_hal_i2c.o
        48          6          0          0          0        834   stm32f4xx_hal_msp.o
      1348         76          0          0          0       5188   stm32f4xx_hal_rcc.o
      1382         14          0          0          0       9116   stm32f4xx_hal_uart.o
        32          6          0          0          0       4514   stm32f4xx_it.o
        16          4         24          4          0       1091   system_stm32f4xx.o
         0          0          0          0          0     149347   u8g2_arc.o
       248          0          0          0          0     168918   u8g2_bitmap.o
       116          0          0          0          0       2411   u8g2_buffer.o
        16          6          0          0          0        989   u8g2_font.o
       250          0          0          0          0       2391   u8g2_hvline.o
        72          0          0          0          0       1831   u8g2_intersection.o
       144          0          0          0          0       1326   u8g2_ll_hvline.o
       154         14          0          1         32       1805   u8g2_port.o
       328          0         12          0          0     153876   u8g2_setup.o
        46          0          0          0          0       1647   u8x8_byte.o
       416         12          0          6          0       8524   u8x8_cad.o
       260         12        344          0          0      20191   u8x8_d_ssd1306_128x64_noname.o
       200          0          0          0          0       4238   u8x8_display.o
        12          0          0          0          0        581   u8x8_gpio.o
        74          4          0          0          0       1726   u8x8_setup.o
       180         22          0          0         72       1666   usart.o

    ----------------------------------------------------------------------
      8576        392        822         32       3408    1166674   Object Totals
         0          0         32          0          0          0   (incl. Generated)
        26          0          2          3          0          0   (incl. Padding)

    ----------------------------------------------------------------------

      Code (inc. data)   RO Data    RW Data    ZI Data      Debug   Library Member Name

         0          0          0          0          0          0   entry.o
         0          0          0          0          0          0   entry10a.o
         0          0          0          0          0          0   entry11a.o
         8          4          0          0          0          0   entry2.o
         4          0          0          0          0          0   entry5.o
         0          0          0          0          0          0   entry7b.o
         0          0          0          0          0          0   entry8b.o
         8          4          0          0          0          0   entry9a.o
        30          0          0          0          0          0   handlers.o
        36          8          0          0          0         68   init.o
        30          0          0          0          0         68   llshl.o
        32          0          0          0          0         68   llushr.o
        36          0          0          0          0        108   memseta.o
        98          0          0          0          0         92   uldiv.o

    ----------------------------------------------------------------------
       282         16          0          0          0        404   Library Totals
         0          0          0          0          0          0   (incl. Padding)

    ----------------------------------------------------------------------

      Code (inc. data)   RO Data    RW Data    ZI Data      Debug   Library Name

       282         16          0          0          0        404   mc_w.l

    ----------------------------------------------------------------------
       282         16          0          0          0        404   Library Totals

    ----------------------------------------------------------------------

==============================================================================


      Code (inc. data)   RO Data    RW Data    ZI Data      Debug   

      8858        408        822         32       3408    1157478   Grand Totals
      8858        408        822         32       3408    1157478   ELF Image Totals
      8858        408        822         32          0          0   ROM Totals

==============================================================================

    Total RO  Size (Code + RO Data)                 9680 (   9.45kB)
    Total RW  Size (RW Data + ZI Data)              3440 (   3.36kB)
    Total ROM Size (Code + RO Data + RW Data)       9712 (   9.48kB)

==============================================================================

